#-----------------------------------------------------------
# Vivado v2024.2.2 (64-bit)
# SW Build 6060944 on Thu Mar 06 19:10:09 MST 2025
# IP Build 6050500 on Thu Mar  6 23:33:39 MST 2025
# SharedData Build 6060542 on Thu Mar 06 10:31:07 MST 2025
# Start of session at: Mon Jun 29 06:08:46 2026
# Process ID         : 73
# Current directory  : /home/pjs/Desktop/smollm2-zybo/logs/smoke_wrapper_check
# Command line       : vivado -mode batch -source /dev/stdin
# Log file           : /home/pjs/Desktop/smollm2-zybo/logs/smoke_wrapper_check/vivado.log
# Journal file       : /home/pjs/Desktop/smollm2-zybo/logs/smoke_wrapper_check/vivado.jou
# Running On         : pjs-laptop
# Platform           : Ubuntu
# Operating System   : Ubuntu 26.04 LTS
# Processor Detail   : 13th Gen Intel(R) Core(TM) i9-13900H
# CPU Frequency      : 858.873 MHz
# CPU Physical cores : 10
# CPU Logical cores  : 16
# Host memory        : 65958 MB
# Swap memory        : 8589 MB
# Total Virtual      : 74548 MB
# Available Virtual  : 70733 MB
#-----------------------------------------------------------
CRITICAL WARNING: [Common 17-741] No write access right to the local Tcl store at '/home/pjs/.Xilinx/Vivado/2024.2.2/XilinxTclStore'. XilinxTclStore is reverted to the installation area. If you want to use local Tcl Store, please change the access right and relaunch Vivado.
Sourcing tcl script '/home/pjs/.Xilinx/Vivado/Vivado_init.tcl'
source /dev/stdin
INFO: [Common 17-206] Exiting Vivado at Mon Jun 29 06:08:48 2026...
