#-----------------------------------------------------------
# xsim v2024.2.2 (64-bit)
# SW Build 6060944 on Thu Mar 06 19:10:09 MST 2025
# IP Build 6050500 on Thu Mar  6 23:33:39 MST 2025
# SharedData Build 6060542 on Thu Mar 06 10:31:07 MST 2025
# Start of session at: Thu Jul  2 06:25:11 2026
# Process ID         : 382078
# Current directory  : /run/media/pjs/6A43-DC8A/smollm2-zybo/logs/s05_6_1_xsim_20260702_062507
# Command line       : xsim -log /run/media/pjs/6A43-DC8A/smollm2-zybo/logs/s05_6_1_xsim_20260702_062507/A_32x16_P0.log -mode tcl -source {xsim.dir/s05_6_1_multiblock_behav/xsim_script.tcl}
# Log file           : /run/media/pjs/6A43-DC8A/smollm2-zybo/logs/s05_6_1_xsim_20260702_062507/A_32x16_P0.log
# Journal file       : /run/media/pjs/6A43-DC8A/smollm2-zybo/logs/s05_6_1_xsim_20260702_062507/xsim.jou
# Running On         : pjs-laptop
# Platform           : Ubuntu
# Operating System   : Ubuntu 26.04 LTS
# Processor Detail   : 13th Gen Intel(R) Core(TM) i9-13900H
# CPU Frequency      : 2143.401 MHz
# CPU Physical cores : 10
# CPU Logical cores  : 16
# Host memory        : 65958 MB
# Swap memory        : 8589 MB
# Total Virtual      : 74548 MB
# Available Virtual  : 68912 MB
#-----------------------------------------------------------
source xsim.dir/s05_6_1_multiblock_behav/xsim_script.tcl
# xsim {s05_6_1_multiblock_behav} -testplusarg CASE_CFG=/run/media/pjs/6A43-DC8A/smollm2-zybo/logs/s05_6_1_xsim_20260702_062507/A_32x16_P0.cfg -autoloadwcfg -runall
Time resolution is 1 ps
run -all
[CASE] A_32x16_P0 dir=/run/media/pjs/6A43-DC8A/smollm2-zybo/golden/s05_6_1_multiblock/A_32x16_P0 mode=0 in=32 out=16 blocks=1 packet_bytes=576 tlast_beat=35 expected_outputs=16
[PASS] A_32x16_P0 mode=0 blocks=1 outputs=16 input_events=192 max_input_addr=31
S05_6_1_MULTIBLOCK_CASE_PASS A_32x16_P0
$finish called at time : 3685 ns : File "/run/media/pjs/6A43-DC8A/smollm2-zybo/vivado_ip/tb/tb_gemv_q8_0_stream_core_multiblock.sv" Line 437
exit
INFO: [Common 17-206] Exiting xsim at Thu Jul  2 06:25:15 2026...
