

****** Bootgen v2024.2.2
  **** Build date : Mar  5 2025-13:22:41
    ** Copyright 1986-2022 Xilinx, Inc. All Rights Reserved.
    ** Copyright 2022-2024 Advanced Micro Devices, Inc. All Rights Reserved.

[TRACE]  : Command Line parsing started
[TRACE]  : Command: -arch zynq -image s04_no_bitstream.bif -o BOOT_S04_NOBIT.BIN -w -log trace
[INFO]   : Command line parsing completed successfully
[TRACE]  : BIF File: s04_no_bitstream.bif
[TRACE]  : Parsing BIF file - s04_no_bitstream.bif
[INFO]   : BIF file parsed successfully - s04_no_bitstream.bif 
[INFO]   : Parsing Partition Data to Image
[INFO]   : Building image - the_ROM_image
[INFO]   : Building the Partition Header Table
[INFO]   : After build 
           -- Dump of Binary Image ----
   Offset      Length     Reserve     Name
   00000000   000008a0   00000000   BootHeader
   00000000   00000040   00000000   ImageHeaderTable
   00000000   00000030   00000000   ImageHeader zynq_fsbl_gptalk_2024.2.elf
   00000000   00000020   00000340   ImageHeader u-boot.elf
   00000000   00000040   00000000   PartitionHeader zynq_fsbl_gptalk_2024.2.elf.0
   00000000   00000040   00000000   PartitionHeader u-boot.elf.0
   00000000   00000040   00000a00   PartitionHeader Null
   00000000   0001c014   00000000   zynq_fsbl_gptalk_2024.2.elf.0
   00000000   00068330   00000000   u-boot.elf.0
           -- End of Dump
[INFO]   : After align 
           -- Dump of Binary Image ----
   Offset      Length     Reserve     Name
   00000000   000008a0   00000000   BootHeader
   000008c0   00000040   00000000   ImageHeaderTable
   00000900   00000030   00000000   ImageHeader zynq_fsbl_gptalk_2024.2.elf
   00000940   00000020   00000340   ImageHeader u-boot.elf
   00000c80   00000040   00000000   PartitionHeader zynq_fsbl_gptalk_2024.2.elf.0
   00000cc0   00000040   00000000   PartitionHeader u-boot.elf.0
   00000d00   00000040   00000a00   PartitionHeader Null
   00001700   0001c014   00000000   zynq_fsbl_gptalk_2024.2.elf.0
   0001d740   00068330   00000000   u-boot.elf.0
           -- End of Dump
[INFO]   : Partition Information: 
[INFO]   : Image: zynq_fsbl_gptalk_2024.2.elf
[INFO]   :        Partition 0: zynq_fsbl_gptalk_2024.2.elf.0,  Size: 114708
[INFO]   : Image: u-boot.elf
[INFO]   :        Partition 1: u-boot.elf.0,  Size: 426800
[INFO]   : After Link 
           -- Dump of Binary Image ----
   Offset      Length     Reserve     Name
   00000000   000008a0   00000000   BootHeader
   000008c0   00000040   00000000   ImageHeaderTable
   00000900   00000030   00000000   ImageHeader zynq_fsbl_gptalk_2024.2.elf
   00000940   00000020   00000340   ImageHeader u-boot.elf
   00000c80   00000040   00000000   PartitionHeader zynq_fsbl_gptalk_2024.2.elf.0
   00000cc0   00000040   00000000   PartitionHeader u-boot.elf.0
   00000d00   00000040   00000a00   PartitionHeader Null
   00001700   0001c014   00000000   zynq_fsbl_gptalk_2024.2.elf.0
   0001d740   00068330   00000000   u-boot.elf.0
           -- End of Dump

[INFO]   : Bootimage generated successfully

