
****** Vivado v2024.2.2 (64-bit)
  **** SW Build 6060944 on Thu Mar 06 19:10:09 MST 2025
  **** IP Build 6050500 on Thu Mar  6 23:33:39 MST 2025
  **** SharedData Build 6060542 on Thu Mar 06 10:31:07 MST 2025
  **** Start of session at: Mon Jun 29 10:17:05 2026
    ** Copyright 1986-2022 Xilinx, Inc. All Rights Reserved.
    ** Copyright 2022-2025 Advanced Micro Devices, Inc. All Rights Reserved.

CRITICAL WARNING: [Common 17-741] No write access right to the local Tcl store at '/home/pjs/.Xilinx/Vivado/2024.2.2/XilinxTclStore'. XilinxTclStore is reverted to the installation area. If you want to use local Tcl Store, please change the access right and relaunch Vivado.
Sourcing tcl script '/home/pjs/.Xilinx/Vivado/Vivado_init.tcl'
source scripts/create_or_update_gptalk_dma_bd.tcl
# set script_dir [file normalize [file dirname [info script]]]
# set repo_root [file normalize [file join $script_dir ..]]
# set project_xpr [file join $repo_root hw vivado_project GPTalk.xpr]
# set project_dir [file dirname $project_xpr]
# set log_dir [file join $repo_root logs]
# file mkdir $log_dir
# if {![file exists $project_xpr]} {
#     error "Active Vivado project is missing: $project_xpr. S01.5 requires the existing GPTalk.xpr; no new .xpr will be created."
# }
# set board_repo [file join $repo_root vivado_board_files digilent-vivado-boards new board_files]
# if {[file exists $board_repo]} {
#     set_param board.repoPaths [list $board_repo]
# }
# set bd_name "design_1"
# set gemv_base 0x43C00000
# set dma_base  0x40400000
# set bram_base 0x42000000
# set rtl_core [file join $repo_root vivado_ip rtl gemv_q8_0_stream_core.v]
# set rtl_ctrl [file join $repo_root vivado_ip rtl gemv_q8_0_ctrl_axi_lite.v]
# set rtl_top  [file join $repo_root vivado_ip rtl gemv_q8_0_dma_top.v]
# foreach required [list $rtl_core $rtl_ctrl $rtl_top] {
#     if {![file exists $required]} {
#         error "missing RTL file: $required"
#     }
# }
# proc try_set_properties {obj prop_values} {
#     foreach {prop value} $prop_values {
#         if {[catch {set_property $prop $value $obj} msg]} {
#             puts "WARN: could not set $prop on $obj: $msg"
#         }
#     }
# }
# proc connect_if_present {a b} {
#     if {[llength $a] && [llength $b]} {
#         connect_bd_intf_net $a $b
#         return 1
#     }
#     return 0
# }
# proc set_addr_segment {pattern offset range} {
#     set segs [get_bd_addr_segs -quiet -regexp $pattern]
#     if {[llength $segs] == 0} {
#         puts "WARN: no address segment matched $pattern"
#         return
#     }
#     foreach seg $segs {
#         set_property offset $offset $seg
#         set_property range $range $seg
#     }
# }
# open_project $project_xpr
Scanning sources...
Finished scanning sources
INFO: [IP_Flow 19-234] Refreshing IP repositories
INFO: [IP_Flow 19-1704] No user IP repositories specified
INFO: [IP_Flow 19-2313] Loaded Vivado IP repository '/tools/Xilinx/Vivado/2024.2/data/ip'.
INFO: [Project 1-5579] Found utility IPs instantiated in one or more block designs which have equivalent inline hdl with improved performance and reduced diskspace. It is recommended to migrate these utility IPs to inline hdl using the command upgrade_project -migrate_to_inline_hdl. The utility IPs may be deprecated in future releases. More information on inline hdl is available in UG994.
# set_property target_language Verilog [current_project]
# foreach rtl [list $rtl_core $rtl_ctrl $rtl_top] {
#     if {[llength [get_files -quiet $rtl]] == 0} {
#         add_files -norecurse -fileset sources_1 $rtl
#     }
#     set_property file_type Verilog [get_files $rtl]
# }
# update_compile_order -fileset sources_1
# set old_bd_files [get_files -quiet -regexp ".*/bd/${bd_name}/${bd_name}\\.bd$"]
# if {[llength $old_bd_files] > 0} {
#     remove_files $old_bd_files
# }
INFO: [IP_Flow 19-234] Refreshing IP repositories
INFO: [IP_Flow 19-1704] No user IP repositories specified
# file delete -force [file join $project_dir GPTalk.srcs sources_1 bd $bd_name]
# file delete -force [file join $project_dir GPTalk.gen sources_1 bd $bd_name]
# create_bd_design design_1
Wrote  : </home/pjs/Desktop/smollm2-zybo/hw/vivado_project/GPTalk.srcs/sources_1/bd/design_1/design_1.bd> 
# create_bd_cell -type ip -vlnv xilinx.com:ip:processing_system7 processing_system7_0
# apply_bd_automation -rule xilinx.com:bd_rule:processing_system7 \
#     -config {make_external "FIXED_IO, DDR" apply_board_preset "1" Master "Disable" Slave "Disable"} \
#     [get_bd_cells processing_system7_0]
# set_property -dict [list \
#     CONFIG.PCW_USE_M_AXI_GP0 {1} \
#     CONFIG.PCW_USE_S_AXI_HP0 {1} \
#     CONFIG.PCW_EN_CLK0_PORT {1} \
#     CONFIG.PCW_FPGA0_PERIPHERAL_FREQMHZ {50.000000} \
# ] [get_bd_cells processing_system7_0]
CRITICAL WARNING: [PSU-1]  Parameter : PCW_UIPARAM_DDR_DQS_TO_CLK_DELAY_0 has negative value -0.050 . PS DDR interfaces might fail when entering negative DQS skew values. 
CRITICAL WARNING: [PSU-2]  Parameter : PCW_UIPARAM_DDR_DQS_TO_CLK_DELAY_1 has negative value -0.044 . PS DDR interfaces might fail when entering negative DQS skew values. 
CRITICAL WARNING: [PSU-3]  Parameter : PCW_UIPARAM_DDR_DQS_TO_CLK_DELAY_2 has negative value -0.035 . PS DDR interfaces might fail when entering negative DQS skew values. 
CRITICAL WARNING: [PSU-4]  Parameter : PCW_UIPARAM_DDR_DQS_TO_CLK_DELAY_3 has negative value -0.100 . PS DDR interfaces might fail when entering negative DQS skew values. 
# create_bd_cell -type ip -vlnv xilinx.com:ip:proc_sys_reset rst_ps7_0_50M
INFO: [Ipptcl 7-1463] No Compatible Board Interface found. Board Tab not created in customize GUI
# connect_bd_net [get_bd_pins processing_system7_0/FCLK_CLK0] [get_bd_pins rst_ps7_0_50M/slowest_sync_clk]
# connect_bd_net [get_bd_pins processing_system7_0/FCLK_RESET0_N] [get_bd_pins rst_ps7_0_50M/ext_reset_in]
# create_bd_cell -type ip -vlnv xilinx.com:ip:smartconnect axi_ctrl_smc
# set_property -dict [list CONFIG.NUM_SI {1} CONFIG.NUM_MI {3}] [get_bd_cells axi_ctrl_smc]
# create_bd_cell -type ip -vlnv xilinx.com:ip:smartconnect axi_hp0_smc
# set_property -dict [list CONFIG.NUM_SI {2} CONFIG.NUM_MI {1}] [get_bd_cells axi_hp0_smc]
# create_bd_cell -type ip -vlnv xilinx.com:ip:axi_dma axi_dma_0
# try_set_properties [get_bd_cells axi_dma_0] [list \
#     CONFIG.c_include_sg {0} \
#     CONFIG.c_include_mm2s {1} \
#     CONFIG.c_include_s2mm {1} \
#     CONFIG.c_m_axi_mm2s_data_width {32} \
#     CONFIG.c_m_axi_s2mm_data_width {32} \
#     CONFIG.c_m_axis_mm2s_tdata_width {32} \
#     CONFIG.c_s_axis_s2mm_tdata_width {32} \
#     CONFIG.c_include_mm2s_dre {1} \
#     CONFIG.c_include_s2mm_dre {1} \
# ]
# create_bd_cell -type ip -vlnv xilinx.com:ip:axis_data_fifo mm2s_axis_fifo
# try_set_properties [get_bd_cells mm2s_axis_fifo] [list \
#     CONFIG.TDATA_NUM_BYTES {4} \
#     CONFIG.FIFO_DEPTH {1024} \
#     CONFIG.HAS_TKEEP {1} \
#     CONFIG.HAS_TLAST {1} \
# ]
# create_bd_cell -type ip -vlnv xilinx.com:ip:axis_data_fifo s2mm_axis_fifo
# try_set_properties [get_bd_cells s2mm_axis_fifo] [list \
#     CONFIG.TDATA_NUM_BYTES {4} \
#     CONFIG.FIFO_DEPTH {1024} \
#     CONFIG.HAS_TKEEP {1} \
#     CONFIG.HAS_TLAST {1} \
# ]
# create_bd_cell -type ip -vlnv xilinx.com:ip:axi_bram_ctrl axi_input_bram_ctrl
INFO: [xilinx.com:ip:axi_bram_ctrl:4.1-2] design_1_axi_input_bram_ctrl_0: In IP Integrator, please note that memory depth value gets calculated based on the Data Width of the IP and Address range selected in the Address Editor.Incase a validation error occured on the range of this parameter, please check if the selected Data width and the Address Range are valid. For valid Data width and memory depth values, please refer to the AXI BRAM Controller Product Guide.
INFO: [xilinx.com:ip:axi_bram_ctrl:4.1-1] design_1_axi_input_bram_ctrl_0: In IP Integrator, The Maximum address range supported is 2G. Selecting the address range more than 2G in the address editor may resets the value of Memory depth to default value (1024). please refer to the AXI BRAM Controller Product Guide.
# try_set_properties [get_bd_cells axi_input_bram_ctrl] [list \
#     CONFIG.DATA_WIDTH {32} \
#     CONFIG.SINGLE_PORT_BRAM {1} \
# ]
# create_bd_cell -type ip -vlnv xilinx.com:ip:blk_mem_gen input_vector_bram
# try_set_properties [get_bd_cells input_vector_bram] [list \
#     CONFIG.Memory_Type {True_Dual_Port_RAM} \
#     CONFIG.Write_Width_A {32} \
#     CONFIG.Read_Width_A {32} \
#     CONFIG.Write_Width_B {32} \
#     CONFIG.Read_Width_B {32} \
#     CONFIG.Write_Depth_A {16384} \
#     CONFIG.Register_PortA_Output_of_Memory_Primitives {false} \
#     CONFIG.Register_PortB_Output_of_Memory_Primitives {false} \
# ]
# create_bd_cell -type module -reference gemv_q8_0_dma_top gemv_q8_0_dma_top_0
INFO: [IP_Flow 19-5107] Inferred bus interface 'S_AXI_ACLK' of definition 'xilinx.com:signal:clock:1.0' (from X_INTERFACE_INFO parameter from HDL file).
INFO: [IP_Flow 19-5107] Inferred bus interface 'S_AXI_ACLK' of definition 'xilinx.com:signal:clock:1.0' (from 'X_INTERFACE_INFO' attribute).
INFO: [IP_Flow 19-5107] Inferred bus interface 'S_AXI_ARESETN' of definition 'xilinx.com:signal:reset:1.0' (from X_INTERFACE_INFO parameter from HDL file).
INFO: [IP_Flow 19-5107] Inferred bus interface 'S_AXI_ARESETN' of definition 'xilinx.com:signal:reset:1.0' (from 'X_INTERFACE_INFO' attribute).
INFO: [IP_Flow 19-5107] Inferred bus interface 'S_AXI' of definition 'xilinx.com:interface:aximm:1.0' (from X_INTERFACE_INFO parameter from HDL file).
INFO: [IP_Flow 19-5107] Inferred bus interface 'S_AXI' of definition 'xilinx.com:interface:aximm:1.0' (from 'X_INTERFACE_INFO' attribute).
INFO: [IP_Flow 19-5107] Inferred bus interface 'S_AXIS' of definition 'xilinx.com:interface:axis:1.0' (from X_INTERFACE_INFO parameter from HDL file).
INFO: [IP_Flow 19-5107] Inferred bus interface 'S_AXIS' of definition 'xilinx.com:interface:axis:1.0' (from 'X_INTERFACE_INFO' attribute).
INFO: [IP_Flow 19-5107] Inferred bus interface 'M_AXIS' of definition 'xilinx.com:interface:axis:1.0' (from X_INTERFACE_INFO parameter from HDL file).
INFO: [IP_Flow 19-5107] Inferred bus interface 'M_AXIS' of definition 'xilinx.com:interface:axis:1.0' (from 'X_INTERFACE_INFO' attribute).
INFO: [IP_Flow 19-5107] Inferred bus interface 'INPUT_BRAM_PORT' of definition 'xilinx.com:interface:bram:1.0' (from X_INTERFACE_INFO parameter from HDL file).
INFO: [IP_Flow 19-5107] Inferred bus interface 'INPUT_BRAM_PORT' of definition 'xilinx.com:interface:bram:1.0' (from 'X_INTERFACE_INFO' attribute).
INFO: [IP_Flow 19-4728] Bus Interface 'S_AXI_ACLK': Added interface parameter 'ASSOCIATED_BUSIF' with value 'S_AXI'.
INFO: [IP_Flow 19-4728] Bus Interface 'S_AXI_ACLK': Added interface parameter 'ASSOCIATED_RESET' with value 'S_AXI_ARESETN'.
INFO: [IP_Flow 19-4728] Bus Interface 'S_AXI_ACLK': Added interface parameter 'FREQ_HZ' with value '50000000'.
INFO: [IP_Flow 19-4728] Bus Interface 'S_AXI_ARESETN': Added interface parameter 'POLARITY' with value 'ACTIVE_LOW'.
INFO: [IP_Flow 19-4728] Bus Interface 'S_AXI': Added interface parameter 'DATA_WIDTH' with value '32'.
INFO: [IP_Flow 19-4728] Bus Interface 'S_AXI': Added interface parameter 'PROTOCOL' with value 'AXI4LITE'.
INFO: [IP_Flow 19-4728] Bus Interface 'S_AXI': Added interface parameter 'FREQ_HZ' with value '50000000'.
INFO: [IP_Flow 19-4728] Bus Interface 'S_AXI': Added interface parameter 'ADDR_WIDTH' with value '12'.
INFO: [IP_Flow 19-4728] Bus Interface 'S_AXI': Added interface parameter 'HAS_BURST' with value '0'.
INFO: [IP_Flow 19-4728] Bus Interface 'S_AXI': Added interface parameter 'HAS_LOCK' with value '0'.
INFO: [IP_Flow 19-4728] Bus Interface 'S_AXI': Added interface parameter 'HAS_PROT' with value '1'.
INFO: [IP_Flow 19-4728] Bus Interface 'S_AXI': Added interface parameter 'HAS_CACHE' with value '0'.
INFO: [IP_Flow 19-4728] Bus Interface 'S_AXI': Added interface parameter 'HAS_QOS' with value '0'.
INFO: [IP_Flow 19-4728] Bus Interface 'S_AXI': Added interface parameter 'HAS_REGION' with value '0'.
INFO: [IP_Flow 19-4728] Bus Interface 'S_AXI': Added interface parameter 'SUPPORTS_NARROW_BURST' with value '0'.
INFO: [IP_Flow 19-4728] Bus Interface 'S_AXI': Added interface parameter 'NUM_READ_OUTSTANDING' with value '1'.
INFO: [IP_Flow 19-4728] Bus Interface 'S_AXI': Added interface parameter 'NUM_WRITE_OUTSTANDING' with value '1'.
INFO: [IP_Flow 19-4728] Bus Interface 'S_AXIS': Added interface parameter 'TDATA_NUM_BYTES' with value '4'.
INFO: [IP_Flow 19-4728] Bus Interface 'S_AXIS': Added interface parameter 'HAS_TKEEP' with value '1'.
INFO: [IP_Flow 19-4728] Bus Interface 'S_AXIS': Added interface parameter 'HAS_TLAST' with value '1'.
INFO: [IP_Flow 19-4728] Bus Interface 'S_AXIS': Added interface parameter 'FREQ_HZ' with value '50000000'.
INFO: [IP_Flow 19-4728] Bus Interface 'M_AXIS': Added interface parameter 'TDATA_NUM_BYTES' with value '4'.
INFO: [IP_Flow 19-4728] Bus Interface 'M_AXIS': Added interface parameter 'HAS_TKEEP' with value '1'.
INFO: [IP_Flow 19-4728] Bus Interface 'M_AXIS': Added interface parameter 'HAS_TLAST' with value '1'.
INFO: [IP_Flow 19-4728] Bus Interface 'M_AXIS': Added interface parameter 'FREQ_HZ' with value '50000000'.
INFO: [IP_Flow 19-4728] Bus Interface 'INPUT_BRAM_PORT': Added interface parameter 'MASTER_TYPE' with value 'BRAM_CTRL'.
INFO: [IP_Flow 19-4728] Bus Interface 'INPUT_BRAM_PORT': Added interface parameter 'MEM_WIDTH' with value '32'.
INFO: [IP_Flow 19-4728] Bus Interface 'INPUT_BRAM_PORT': Added interface parameter 'MEM_SIZE' with value '65536'.
INFO: [IP_Flow 19-7067] Note that bus interface 'S_AXI_ACLK' has a fixed FREQ_HZ of '50000000'. This value will be respected whenever this IP is instantiated in IP Integrator.
INFO: [IP_Flow 19-7067] Note that bus interface 'S_AXI' has a fixed FREQ_HZ of '50000000'. This value will be respected whenever this IP is instantiated in IP Integrator.
INFO: [IP_Flow 19-7067] Note that bus interface 'S_AXIS' has a fixed FREQ_HZ of '50000000'. This value will be respected whenever this IP is instantiated in IP Integrator.
INFO: [IP_Flow 19-7067] Note that bus interface 'M_AXIS' has a fixed FREQ_HZ of '50000000'. This value will be respected whenever this IP is instantiated in IP Integrator.
# set fclk [get_bd_pins processing_system7_0/FCLK_CLK0]
# set resetn [get_bd_pins rst_ps7_0_50M/peripheral_aresetn]
# foreach pin [list \
#     [get_bd_pins processing_system7_0/M_AXI_GP0_ACLK] \
#     [get_bd_pins processing_system7_0/S_AXI_HP0_ACLK] \
#     [get_bd_pins axi_ctrl_smc/aclk] \
#     [get_bd_pins axi_hp0_smc/aclk] \
#     [get_bd_pins axi_dma_0/s_axi_lite_aclk] \
#     [get_bd_pins axi_dma_0/m_axi_mm2s_aclk] \
#     [get_bd_pins axi_dma_0/m_axi_s2mm_aclk] \
#     [get_bd_pins mm2s_axis_fifo/s_axis_aclk] \
#     [get_bd_pins s2mm_axis_fifo/s_axis_aclk] \
#     [get_bd_pins axi_input_bram_ctrl/s_axi_aclk] \
#     [get_bd_pins gemv_q8_0_dma_top_0/S_AXI_ACLK] \
# ] {
#     connect_bd_net $fclk $pin
# }
# foreach pin [list \
#     [get_bd_pins axi_ctrl_smc/aresetn] \
#     [get_bd_pins axi_hp0_smc/aresetn] \
#     [get_bd_pins axi_dma_0/axi_resetn] \
#     [get_bd_pins mm2s_axis_fifo/s_axis_aresetn] \
#     [get_bd_pins s2mm_axis_fifo/s_axis_aresetn] \
#     [get_bd_pins axi_input_bram_ctrl/s_axi_aresetn] \
#     [get_bd_pins gemv_q8_0_dma_top_0/S_AXI_ARESETN] \
# ] {
#     connect_bd_net $resetn $pin
# }
# connect_bd_intf_net [get_bd_intf_pins processing_system7_0/M_AXI_GP0] [get_bd_intf_pins axi_ctrl_smc/S00_AXI]
# connect_bd_intf_net [get_bd_intf_pins axi_ctrl_smc/M00_AXI] [get_bd_intf_pins gemv_q8_0_dma_top_0/S_AXI]
# connect_bd_intf_net [get_bd_intf_pins axi_ctrl_smc/M01_AXI] [get_bd_intf_pins axi_dma_0/S_AXI_LITE]
# connect_bd_intf_net [get_bd_intf_pins axi_ctrl_smc/M02_AXI] [get_bd_intf_pins axi_input_bram_ctrl/S_AXI]
# connect_bd_intf_net [get_bd_intf_pins axi_dma_0/M_AXI_MM2S] [get_bd_intf_pins axi_hp0_smc/S00_AXI]
# connect_bd_intf_net [get_bd_intf_pins axi_dma_0/M_AXI_S2MM] [get_bd_intf_pins axi_hp0_smc/S01_AXI]
# connect_bd_intf_net [get_bd_intf_pins axi_hp0_smc/M00_AXI] [get_bd_intf_pins processing_system7_0/S_AXI_HP0]
# connect_bd_intf_net [get_bd_intf_pins axi_dma_0/M_AXIS_MM2S] [get_bd_intf_pins mm2s_axis_fifo/S_AXIS]
# connect_bd_intf_net [get_bd_intf_pins mm2s_axis_fifo/M_AXIS] [get_bd_intf_pins gemv_q8_0_dma_top_0/S_AXIS]
# connect_bd_intf_net [get_bd_intf_pins gemv_q8_0_dma_top_0/M_AXIS] [get_bd_intf_pins s2mm_axis_fifo/S_AXIS]
# connect_bd_intf_net [get_bd_intf_pins s2mm_axis_fifo/M_AXIS] [get_bd_intf_pins axi_dma_0/S_AXIS_S2MM]
# connect_bd_intf_net [get_bd_intf_pins axi_input_bram_ctrl/BRAM_PORTA] [get_bd_intf_pins input_vector_bram/BRAM_PORTA]
# if {![connect_if_present [get_bd_intf_pins -quiet gemv_q8_0_dma_top_0/INPUT_BRAM_PORT] [get_bd_intf_pins -quiet input_vector_bram/BRAM_PORTB]]} {
#     connect_bd_net [get_bd_pins gemv_q8_0_dma_top_0/INPUT_BRAM_CLK]  [get_bd_pins input_vector_bram/clkb]
#     connect_bd_net [get_bd_pins gemv_q8_0_dma_top_0/INPUT_BRAM_RST]  [get_bd_pins input_vector_bram/rstb]
#     connect_bd_net [get_bd_pins gemv_q8_0_dma_top_0/INPUT_BRAM_EN]   [get_bd_pins input_vector_bram/enb]
#     connect_bd_net [get_bd_pins gemv_q8_0_dma_top_0/INPUT_BRAM_WE]   [get_bd_pins input_vector_bram/web]
#     connect_bd_net [get_bd_pins gemv_q8_0_dma_top_0/INPUT_BRAM_ADDR] [get_bd_pins input_vector_bram/addrb]
#     connect_bd_net [get_bd_pins gemv_q8_0_dma_top_0/INPUT_BRAM_DIN]  [get_bd_pins input_vector_bram/dinb]
#     connect_bd_net [get_bd_pins gemv_q8_0_dma_top_0/INPUT_BRAM_DOUT] [get_bd_pins input_vector_bram/doutb]
# }
# assign_bd_address
INFO: [BD 41-3093] Triggering Legacy Auto Assign Algorithm
Slave segment '/processing_system7_0/S_AXI_HP0/HP0_DDR_LOWOCM' is being assigned into address space '/axi_dma_0/Data_MM2S' at <0x0000_0000 [ 1G ]>.
Slave segment '/processing_system7_0/S_AXI_HP0/HP0_DDR_LOWOCM' is being assigned into address space '/axi_dma_0/Data_S2MM' at <0x0000_0000 [ 1G ]>.
Slave segment '/axi_dma_0/S_AXI_LITE/Reg' is being assigned into address space '/processing_system7_0/Data' at <0x4040_0000 [ 64K ]>.
Slave segment '/gemv_q8_0_dma_top_0/S_AXI/reg0' is being assigned into address space '/processing_system7_0/Data' at <0x4000_0000 [ 4K ]>.
Slave segment '/axi_input_bram_ctrl/S_AXI/Mem0' is being assigned into address space '/processing_system7_0/Data' at <0x4200_0000 [ 8K ]>.
# set_addr_segment {.*SEG_gemv_q8_0_dma_top_0.*} $gemv_base 4K
# set_addr_segment {.*SEG_axi_dma_0_Reg.*} $dma_base 64K
# set_addr_segment {.*SEG_axi_input_bram_ctrl.*} $bram_base 64K
# validate_bd_design
CRITICAL WARNING: [PSU-1]  Parameter : PCW_UIPARAM_DDR_DQS_TO_CLK_DELAY_0 has negative value -0.050 . PS DDR interfaces might fail when entering negative DQS skew values. 
CRITICAL WARNING: [PSU-2]  Parameter : PCW_UIPARAM_DDR_DQS_TO_CLK_DELAY_1 has negative value -0.044 . PS DDR interfaces might fail when entering negative DQS skew values. 
CRITICAL WARNING: [PSU-3]  Parameter : PCW_UIPARAM_DDR_DQS_TO_CLK_DELAY_2 has negative value -0.035 . PS DDR interfaces might fail when entering negative DQS skew values. 
CRITICAL WARNING: [PSU-4]  Parameter : PCW_UIPARAM_DDR_DQS_TO_CLK_DELAY_3 has negative value -0.100 . PS DDR interfaces might fail when entering negative DQS skew values. 
INFO: [BD 5-943] Reserving offset range <0x43C0_0000 [ 4K ]> from slave interface '/axi_ctrl_smc/S00_AXI' to master interface '/axi_ctrl_smc/M00_AXI'. This will be used by smartconnect on path for routing.
INFO: [BD 5-943] Reserving offset range <0x4040_0000 [ 64K ]> from slave interface '/axi_ctrl_smc/S00_AXI' to master interface '/axi_ctrl_smc/M01_AXI'. This will be used by smartconnect on path for routing.
INFO: [BD 5-943] Reserving offset range <0x4200_0000 [ 64K ]> from slave interface '/axi_ctrl_smc/S00_AXI' to master interface '/axi_ctrl_smc/M02_AXI'. This will be used by smartconnect on path for routing.
INFO: [xilinx.com:ip:smartconnect:1.0-1] design_1_axi_ctrl_smc_0: SmartConnect design_1_axi_ctrl_smc_0 is in High-performance Mode.
INFO: [Ipptcl 7-1463] No Compatible Board Interface found. Board Tab not created in customize GUI
INFO: [BD 5-943] Reserving offset range <0x0000_0000 [ 1G ]> from slave interface '/axi_hp0_smc/S00_AXI' to master interface '/axi_hp0_smc/M00_AXI'. This will be used by smartconnect on path for routing.
INFO: [BD 5-943] Reserving offset range <0x0000_0000 [ 1G ]> from slave interface '/axi_hp0_smc/S01_AXI' to master interface '/axi_hp0_smc/M00_AXI'. This will be used by smartconnect on path for routing.
INFO: [xilinx.com:ip:smartconnect:1.0-1] design_1_axi_hp0_smc_0: SmartConnect design_1_axi_hp0_smc_0 is in High-performance Mode.
WARNING: [BD 41-2180] Resetting the memory initialization file of </input_vector_bram> to default.
WARNING: [filemgmt 56-443] The ECC Algorithm string is empty. Setting the Memory Map to default ECC value to ECC_NONE.
# save_bd_design
Wrote  : </home/pjs/Desktop/smollm2-zybo/hw/vivado_project/GPTalk.srcs/sources_1/bd/design_1/design_1.bd> 
# set address_report [file join $log_dir hw_dma_address_map.txt]
# set addr_fd [open $address_report w]
# puts $addr_fd "GPTalk DMA GEMV address map"
# puts $addr_fd "Generated by scripts/create_or_update_gptalk_dma_bd.tcl"
# puts $addr_fd ""
# puts $addr_fd "Active Vivado project: $project_xpr"
# puts $addr_fd "PL clock target: 50 MHz"
# puts $addr_fd [format "GEMV control base requested: 0x%08X" $gemv_base]
# puts $addr_fd [format "AXI DMA base requested:      0x%08X" $dma_base]
# puts $addr_fd [format "Input BRAM base requested:   0x%08X" $bram_base]
# puts $addr_fd ""
# foreach seg [get_bd_addr_segs -quiet -regexp {.*SEG_.*}] {
#     puts $addr_fd [format "%s OFFSET=%s RANGE=%s" $seg [get_property OFFSET $seg] [get_property RANGE $seg]]
# }
# close $addr_fd
# set bd_file [get_files [file join $project_dir GPTalk.srcs sources_1 bd $bd_name ${bd_name}.bd]]
# make_wrapper -files $bd_file -top
INFO: [BD 41-1662] The design 'design_1.bd' is already validated. Therefore parameter propagation will not be re-run.
WARNING: [filemgmt 56-443] The ECC Algorithm string is empty. Setting the Memory Map to default ECC value to ECC_NONE.
WARNING: [filemgmt 56-443] The ECC Algorithm string is empty. Setting the Memory Map to default ECC value to ECC_NONE.
WARNING: [BD 41-2384] Width mismatch when connecting pin: '/input_vector_bram/addra'(32) to pin: '/axi_input_bram_ctrl/bram_addr_a'(16) - Only lower order bits will be connected.
Verilog Output written to : /home/pjs/Desktop/smollm2-zybo/hw/vivado_project/GPTalk.gen/sources_1/bd/design_1/synth/design_1.v
WARNING: [BD 41-2384] Width mismatch when connecting pin: '/input_vector_bram/addra'(32) to pin: '/axi_input_bram_ctrl/bram_addr_a'(16) - Only lower order bits will be connected.
Verilog Output written to : /home/pjs/Desktop/smollm2-zybo/hw/vivado_project/GPTalk.gen/sources_1/bd/design_1/sim/design_1.v
Verilog Output written to : /home/pjs/Desktop/smollm2-zybo/hw/vivado_project/GPTalk.gen/sources_1/bd/design_1/hdl/design_1_wrapper.v
# set wrapper_file [file join $project_dir GPTalk.gen sources_1 bd $bd_name hdl ${bd_name}_wrapper.v]
# if {[file exists $wrapper_file] && [llength [get_files -quiet $wrapper_file]] == 0} {
#     add_files -norecurse $wrapper_file
# }
# set_property top ${bd_name}_wrapper [current_fileset]
# update_compile_order -fileset sources_1
# close_project
# puts "S015_GPTALK_DMA_BD_CREATED=1"
S015_GPTALK_DMA_BD_CREATED=1
# puts "ACTIVE_PROJECT=$project_xpr"
ACTIVE_PROJECT=/home/pjs/Desktop/smollm2-zybo/hw/vivado_project/GPTalk.xpr
# puts "ADDRESS_REPORT=$address_report"
ADDRESS_REPORT=/home/pjs/Desktop/smollm2-zybo/logs/hw_dma_address_map.txt
# puts [format "GEMV_CONTROL_BASE=0x%08X" $gemv_base]
GEMV_CONTROL_BASE=0x43C00000
# puts [format "AXI_DMA_BASE=0x%08X" $dma_base]
AXI_DMA_BASE=0x40400000
# puts [format "INPUT_BRAM_BASE=0x%08X" $bram_base]
INPUT_BRAM_BASE=0x42000000
INFO: [Common 17-206] Exiting Vivado at Mon Jun 29 10:17:17 2026...
