
****** Vivado v2024.2.2 (64-bit)
  **** SW Build 6060944 on Thu Mar 06 19:10:09 MST 2025
  **** IP Build 6050500 on Thu Mar  6 23:33:39 MST 2025
  **** SharedData Build 6060542 on Thu Mar 06 10:31:07 MST 2025
  **** Start of session at: Tue Jun 30 10:58:56 2026
    ** Copyright 1986-2022 Xilinx, Inc. All Rights Reserved.
    ** Copyright 2022-2025 Advanced Micro Devices, Inc. All Rights Reserved.

CRITICAL WARNING: [Common 17-741] No write access right to the local Tcl store at '/home/pjs/.Xilinx/Vivado/2024.2.2/XilinxTclStore'. XilinxTclStore is reverted to the installation area. If you want to use local Tcl Store, please change the access right and relaunch Vivado.
Sourcing tcl script '/home/pjs/.Xilinx/Vivado/Vivado_init.tcl'
source scripts/hw_preflight_gptalk.tcl
# set script_dir [file normalize [file dirname [info script]]]
# set repo_root [file normalize [file join $script_dir ..]]
# set project_xpr [file join $repo_root hw vivado_project GPTalk.xpr]
# set log_dir [file join $repo_root logs]
# file mkdir $log_dir
# set bd_validate_log [file join $log_dir hw_preflight_bd_validate.log]
# set clock_reset_log [file join $log_dir hw_preflight_clock_reset.txt]
# set address_log [file join $log_dir hw_dma_address_map.txt]
# set summary_log [file join $log_dir hw_preflight_summary.txt]
# proc write_file {path text} {
#     set fd [open $path w]
#     puts -nonewline $fd $text
#     close $fd
# }
# proc append_line {var_name text} {
#     upvar 1 $var_name out
#     append out "$text\n"
# }
# proc names_or_missing {objects} {
#     if {[llength $objects] == 0} {
#         return "MISSING"
#     }
#     set names {}
#     foreach obj $objects {
#         lappend names [get_property NAME $obj]
#     }
#     return [join $names ", "]
# }
# if {![file exists $project_xpr]} {
#     error "Active Vivado project missing: $project_xpr"
# }
# open_project $project_xpr
WARNING: [filemgmt 56-3] IPUserFilesDir: Could not find the directory '/run/media/pjs/6A43-DC8A/smollm2-zybo/hw/vivado_project/GPTalk.ip_user_files'.
Scanning sources...
Finished scanning sources
INFO: [IP_Flow 19-234] Refreshing IP repositories
INFO: [IP_Flow 19-1700] Loaded user IP repository '/run/media/pjs/6A43-DC8A/smollm2-zybo/third_party/digilent-vivado-library/if'.
INFO: [IP_Flow 19-1700] Loaded user IP repository '/run/media/pjs/6A43-DC8A/smollm2-zybo/third_party/digilent-vivado-library/ip'.
INFO: [IP_Flow 19-2313] Loaded Vivado IP repository '/tools/Xilinx/Vivado/2024.2/data/ip'.
INFO: [Project 1-5579] Found utility IPs instantiated in one or more block designs which have equivalent inline hdl with improved performance and reduced diskspace. It is recommended to migrate these utility IPs to inline hdl using the command upgrade_project -migrate_to_inline_hdl. The utility IPs may be deprecated in future releases. More information on inline hdl is available in UG994.
open_project: Time (s): cpu = 00:00:04 ; elapsed = 00:00:06 . Memory (MB): peak = 1419.922 ; gain = 64.480 ; free physical = 54659 ; free virtual = 68165
# set bd_files [get_files -quiet -regexp ".*/bd/design_1/design_1\\.bd$"]
# if {[llength $bd_files] != 1} {
#     error "Expected one design_1.bd, got [llength $bd_files]: $bd_files"
# }
# open_bd_design /run/media/pjs/6A43-DC8A/smollm2-zybo/hw/vivado_project/GPTalk.srcs/sources_1/bd/design_1/design_1.bd
Reading block design file </run/media/pjs/6A43-DC8A/smollm2-zybo/hw/vivado_project/GPTalk.srcs/sources_1/bd/design_1/design_1.bd>...
Adding component instance block -- xilinx.com:ip:processing_system7:5.5 - processing_system7_0
Adding component instance block -- xilinx.com:ip:proc_sys_reset:5.0 - rst_ps7_0_100M
Adding component instance block -- xilinx.com:ip:proc_sys_reset:5.0 - rst_ps7_0_133M
Adding component instance block -- xilinx.com:ip:proc_sys_reset:5.0 - rst_ps7_0_gemv
Adding component instance block -- xilinx.com:ip:smartconnect:1.0 - axi_ctrl_smc
Adding component instance block -- xilinx.com:ip:smartconnect:1.0 - axi_video_hp0_smc
Adding component instance block -- xilinx.com:ip:smartconnect:1.0 - axi_gemv_hp1_smc
Adding component instance block -- xilinx.com:ip:axi_clock_converter:2.1 - axi_gemv_ctrl_clkconv
Adding component instance block -- xilinx.com:ip:axi_clock_converter:2.1 - axi_bram_ctrl_clkconv
Adding component instance block -- xilinx.com:ip:axi_clock_converter:2.1 - axi_dma_ctrl_clkconv
Adding component instance block -- digilentinc.com:ip:axi_dynclk:1.2 - axi_dynclk_0
Adding component instance block -- xilinx.com:ip:v_tc:6.2 - v_tc_out
Adding component instance block -- xilinx.com:ip:axi_vdma:6.3 - axi_vdma_1
Adding component instance block -- xilinx.com:ip:axis_subset_converter:1.1 - axis_subset_converter_out
Adding component instance block -- xilinx.com:ip:v_axi4s_vid_out:4.0 - v_axi4s_vid_out_0
Adding component instance block -- digilentinc.com:ip:rgb2dvi:1.4 - rgb2dvi_1
Adding component instance block -- xilinx.com:ip:axi_dma:7.1 - axi_dma_0
Adding component instance block -- xilinx.com:ip:axis_data_fifo:2.0 - mm2s_axis_fifo
Adding component instance block -- xilinx.com:ip:axis_data_fifo:2.0 - s2mm_axis_fifo
Adding component instance block -- xilinx.com:ip:axi_bram_ctrl:4.1 - axi_input_bram_ctrl
Adding component instance block -- xilinx.com:ip:blk_mem_gen:8.4 - input_vector_bram
Adding component instance block -- xilinx.com:module_ref:gemv_q8_0_dma_top:1.0 - gemv_q8_0_dma_top_0
Adding component instance block -- xilinx.com:ip:xlconcat:2.1 - xlconcat_0
Successfully read diagram <design_1> from block design file </run/media/pjs/6A43-DC8A/smollm2-zybo/hw/vivado_project/GPTalk.srcs/sources_1/bd/design_1/design_1.bd>
# set validate_text ""
# append_line validate_text "Active project: $project_xpr"
# append_line validate_text "BD file: [lindex $bd_files 0]"
# if {[catch {validate_bd_design} validate_msg]} {
#     append_line validate_text "BD validate: FAIL"
#     append_line validate_text "$validate_msg"
# } else {
#     append_line validate_text "BD validate: PASS"
#     append_line validate_text "$validate_msg"
# }
INFO: [BD 5-320] Validate design is not run, since the design is already validated.
# write_file $bd_validate_log $validate_text
# set addr_text "GPTalk hardware preflight address map\n"
# append_line addr_text "Active Vivado project: $project_xpr"
# foreach seg [lsort [get_bd_addr_segs -quiet -hier]] {
#     set offset [get_property OFFSET $seg]
#     set range [get_property RANGE $seg]
#     if {$offset ne "" && $range ne ""} {
#         append_line addr_text "[get_property NAME $seg] PATH=$seg OFFSET=$offset RANGE=$range"
#     }
# }
# write_file $address_log $addr_text
# set cr_text "GPTalk clock/reset preflight\n"
# append_line cr_text "Active Vivado project: $project_xpr"
# foreach cell_name [list processing_system7_0 axi_dma_0 mm2s_axis_fifo s2mm_axis_fifo gemv_q8_0_dma_top_0 axi_gemv_hp1_smc axi_video_hp0_smc axi_ctrl_smc axi_dma_ctrl_clkconv axi_gemv_ctrl_clkconv axi_bram_ctrl_clkconv rst_ps7_0_100M rst_ps7_0_133M rst_ps7_0_gemv] {
#     set cells [get_bd_cells -quiet $cell_name]
#     append_line cr_text "cell $cell_name: [expr {[llength $cells] ? "PRESENT" : "MISSING"}]"
# }
# append_line cr_text ""
# append_line cr_text "Clock nets:"
# foreach net_name [list processing_system7_0_FCLK_CLK0 processing_system7_0_FCLK_CLK1 processing_system7_0_FCLK_CLK2] {
#     set nets [get_bd_nets -quiet $net_name]
#     append_line cr_text "$net_name: [names_or_missing $nets]"
#     if {[llength $nets]} {
#         foreach pin [lsort [get_bd_pins -quiet -of_objects [lindex $nets 0]]] {
#             append_line cr_text "  [get_property NAME $pin]"
#         }
#     }
# }
# append_line cr_text ""
# append_line cr_text "Reset nets:"
# foreach net_name [list processing_system7_0_FCLK_RESET0_N rst_ps7_0_100M_peripheral_aresetn rst_ps7_0_133M_peripheral_aresetn rst_ps7_0_gemv_peripheral_aresetn] {
#     set nets [get_bd_nets -quiet $net_name]
#     append_line cr_text "$net_name: [names_or_missing $nets]"
#     if {[llength $nets]} {
#         foreach pin [lsort [get_bd_pins -quiet -of_objects [lindex $nets 0]]] {
#             append_line cr_text "  [get_property NAME $pin]"
#         }
#     }
# }
# write_file $clock_reset_log $cr_text
# set summary "GPTalk hardware preflight summary\n"
# append_line summary "Active project: $project_xpr"
# append_line summary "Part: [get_property PART [current_project]]"
# append_line summary "Board part: [get_property BOARD_PART [current_project]]"
# append_line summary "Top: [get_property top [current_fileset]]"
# append_line summary ""
# append_line summary "Required cells:"
# foreach cell_name [list processing_system7_0 axi_dma_0 mm2s_axis_fifo s2mm_axis_fifo gemv_q8_0_dma_top_0 axi_input_bram_ctrl] {
#     append_line summary "- $cell_name: [expr {[llength [get_bd_cells -quiet $cell_name]] ? "PRESENT" : "MISSING"}]"
# }
# append_line summary ""
# append_line summary "Required interface nets:"
# foreach intf_net [list processing_system7_0_M_AXI_GP0 axi_dma_0_M_AXIS_MM2S mm2s_axis_fifo_M_AXIS gemv_q8_0_dma_top_0_M_AXIS s2mm_axis_fifo_M_AXIS axi_dma_0_M_AXI_MM2S axi_dma_0_M_AXI_S2MM axi_gemv_hp1_smc_M00_AXI axi_vdma_1_M_AXI_MM2S] {
#     append_line summary "- $intf_net: [names_or_missing [get_bd_intf_nets -quiet $intf_net]]"
# }
# append_line summary ""
# append_line summary "PS7 selected properties:"
# set ps [get_bd_cells -quiet processing_system7_0]
# if {[llength $ps]} {
#     foreach prop [list CONFIG.PCW_UIPARAM_DDR_PARTNO CONFIG.PCW_UIPARAM_DDR_FREQ_MHZ CONFIG.PCW_UIPARAM_DDR_BUS_WIDTH CONFIG.PCW_EN_SDIO0 CONFIG.PCW_SD0_SD0_IO CONFIG.PCW_EN_UART1 CONFIG.PCW_UART1_UART1_IO CONFIG.PCW_USE_M_AXI_GP0 CONFIG.PCW_USE_S_AXI_HP0 CONFIG.PCW_USE_S_AXI_HP1 CONFIG.PCW_FPGA0_PERIPHERAL_FREQMHZ CONFIG.PCW_FPGA1_PERIPHERAL_FREQMHZ CONFIG.PCW_FPGA2_PERIPHERAL_FREQMHZ CONFIG.PCW_CPU_CPU_6X4X_MAX_RANGE] {
#         set value "<unavailable>"
#         catch {set value [get_property $prop $ps]}
#         append_line summary "- $prop = $value"
#     }
# }
# write_file $summary_log $summary
# close_project
INFO: [Common 17-206] Exiting Vivado at Tue Jun 30 10:59:05 2026...
