
****** Vivado v2024.2.2 (64-bit)
  **** SW Build 6060944 on Thu Mar 06 19:10:09 MST 2025
  **** IP Build 6050500 on Thu Mar  6 23:33:39 MST 2025
  **** SharedData Build 6060542 on Thu Mar 06 10:31:07 MST 2025
  **** Start of session at: Wed Jul  1 13:49:37 2026
    ** Copyright 1986-2022 Xilinx, Inc. All Rights Reserved.
    ** Copyright 2022-2025 Advanced Micro Devices, Inc. All Rights Reserved.

Sourcing tcl script '/home/pjs/.Xilinx/Vivado/Vivado_init.tcl'
source scripts/s05_5_apply_axis128_bd.tcl
# set script_dir [file normalize [file dirname [info script]]]
# set repo_root [file normalize [file join $script_dir ..]]
# set project_xpr [file join $repo_root hw vivado_project GPTalk.xpr]
# set project_dir [file dirname $project_xpr]
# set bd_name design_1
# set bd_file [file join $project_dir GPTalk.srcs sources_1 bd $bd_name ${bd_name}.bd]
# set axis128_top [file join $repo_root vivado_ip rtl gemv_q8_0_dma_top_axis128.v]
# set log_file [file join $repo_root logs s05_5_axis128_bd_apply.txt]
# file mkdir [file dirname $log_file]
# proc line {fd text} {
#     puts $fd $text
# }
# proc must_get_cell {name} {
#     set obj [get_bd_cells -quiet $name]
#     if {![llength $obj]} {
#         error "missing BD cell: $name"
#     }
#     return $obj
# }
# proc must_get_pin {name} {
#     set obj [get_bd_pins -quiet $name]
#     if {![llength $obj]} {
#         error "missing BD pin: $name"
#     }
#     return $obj
# }
# proc must_get_intf_pin {name} {
#     set obj [get_bd_intf_pins -quiet $name]
#     if {![llength $obj]} {
#         error "missing BD interface pin: $name"
#     }
#     return $obj
# }
# proc connect_intf {a b} {
#     set pa [must_get_intf_pin $a]
#     set pb [must_get_intf_pin $b]
#     set na [get_bd_intf_nets -quiet -of_objects $pa]
#     set nb [get_bd_intf_nets -quiet -of_objects $pb]
#     if {[llength $na] && [llength $nb] && [lindex $na 0] eq [lindex $nb 0]} {
#         return
#     }
#     if {[llength $na] && ![llength $nb]} {
#         disconnect_bd_intf_net [lindex $na 0] $pa
#         connect_bd_intf_net $pa $pb
#     } elseif {![llength $na] && [llength $nb]} {
#         disconnect_bd_intf_net [lindex $nb 0] $pb
#         connect_bd_intf_net $pa $pb
#     } else {
#         connect_bd_intf_net $pa $pb
#     }
# }
# proc delete_intf_net_if_exists {name} {
#     set net [get_bd_intf_nets -quiet $name]
#     if {[llength $net]} {
#         delete_bd_objs $net
#     }
# }
# proc delete_net_if_exists {name} {
#     set net [get_bd_nets -quiet $name]
#     if {[llength $net]} {
#         delete_bd_objs $net
#     }
# }
# proc connect_net {args} {
#     set pins {}
#     foreach pin $args {
#         lappend pins [must_get_pin $pin]
#     }
#     connect_bd_net {*}$pins
# }
# proc try_set {obj props} {
#     foreach {name value} $props {
#         if {[catch {set_property $name $value $obj} msg]} {
#             puts "WARN: could not set $name=$value on $obj: $msg"
#         }
#     }
# }
# proc set_addr_segment {pattern base range} {
#     set segs [get_bd_addr_segs -quiet -hier -regexp $pattern]
#     if {[llength $segs] == 0} {
#         return 0
#     }
#     foreach seg $segs {
#         catch {set_property offset $base $seg}
#         catch {set_property range $range $seg}
#     }
#     return 1
# }
# set fd [open $log_file w]
# line $fd "S05.5 apply 128-bit AXIS BD variant"
# line $fd "project: $project_xpr"
# line $fd "bd: $bd_file"
# line $fd "scope: reuse active GPTalk.xpr; preserve PS7; recreate only gemv_q8_0_dma_top_0 module_ref cell."
# open_project $project_xpr
WARNING: [filemgmt 56-3] IPUserFilesDir: Could not find the directory '/run/media/pjs/6A43-DC8A/smollm2-zybo/hw/vivado_project/GPTalk.ip_user_files'.
WARNING: [BD 41-2576] File '/run/media/pjs/6A43-DC8A/smollm2-zybo/hw/vivado_project/GPTalk.srcs/sources_1/bd/design_1/ip/design_1_gemv_q8_0_dma_top_0_0/design_1_gemv_q8_0_dma_top_0_0.xci' referenced by design 'design_1' could not be found.
Scanning sources...
Finished scanning sources
INFO: [IP_Flow 19-234] Refreshing IP repositories
INFO: [IP_Flow 19-1700] Loaded user IP repository '/run/media/pjs/6A43-DC8A/smollm2-zybo/third_party/digilent-vivado-library/if'.
INFO: [IP_Flow 19-1700] Loaded user IP repository '/run/media/pjs/6A43-DC8A/smollm2-zybo/third_party/digilent-vivado-library/ip'.
INFO: [IP_Flow 19-2313] Loaded Vivado IP repository '/tools/Xilinx/Vivado/2024.2/data/ip'.
WARNING: [BD 41-2576] File '/run/media/pjs/6A43-DC8A/smollm2-zybo/hw/vivado_project/GPTalk.gen/sources_1/bd/design_1/ip/design_1_axi_ctrl_smc_0/bd_0/ip/ip_0/bd_01d9_one_0.xci' referenced by design 'bd_01d9' could not be found.
WARNING: [BD 41-2576] File '/run/media/pjs/6A43-DC8A/smollm2-zybo/hw/vivado_project/GPTalk.gen/sources_1/bd/design_1/ip/design_1_axi_ctrl_smc_0/bd_0/ip/ip_1/bd_01d9_psr_aclk_0.xci' referenced by design 'bd_01d9' could not be found.
WARNING: [BD 41-2576] File '/run/media/pjs/6A43-DC8A/smollm2-zybo/hw/vivado_project/GPTalk.gen/sources_1/bd/design_1/ip/design_1_axi_ctrl_smc_0/bd_0/ip/ip_2/bd_01d9_arsw_0.xci' referenced by design 'bd_01d9' could not be found.
WARNING: [BD 41-2576] File '/run/media/pjs/6A43-DC8A/smollm2-zybo/hw/vivado_project/GPTalk.gen/sources_1/bd/design_1/ip/design_1_axi_ctrl_smc_0/bd_0/ip/ip_3/bd_01d9_rsw_0.xci' referenced by design 'bd_01d9' could not be found.
WARNING: [BD 41-2576] File '/run/media/pjs/6A43-DC8A/smollm2-zybo/hw/vivado_project/GPTalk.gen/sources_1/bd/design_1/ip/design_1_axi_ctrl_smc_0/bd_0/ip/ip_4/bd_01d9_awsw_0.xci' referenced by design 'bd_01d9' could not be found.
WARNING: [BD 41-2576] File '/run/media/pjs/6A43-DC8A/smollm2-zybo/hw/vivado_project/GPTalk.gen/sources_1/bd/design_1/ip/design_1_axi_ctrl_smc_0/bd_0/ip/ip_5/bd_01d9_wsw_0.xci' referenced by design 'bd_01d9' could not be found.
WARNING: [BD 41-2576] File '/run/media/pjs/6A43-DC8A/smollm2-zybo/hw/vivado_project/GPTalk.gen/sources_1/bd/design_1/ip/design_1_axi_ctrl_smc_0/bd_0/ip/ip_6/bd_01d9_bsw_0.xci' referenced by design 'bd_01d9' could not be found.
WARNING: [BD 41-2576] File '/run/media/pjs/6A43-DC8A/smollm2-zybo/hw/vivado_project/GPTalk.gen/sources_1/bd/design_1/ip/design_1_axi_ctrl_smc_0/bd_0/ip/ip_7/bd_01d9_s00mmu_0.xci' referenced by design 'bd_01d9' could not be found.
WARNING: [BD 41-2576] File '/run/media/pjs/6A43-DC8A/smollm2-zybo/hw/vivado_project/GPTalk.gen/sources_1/bd/design_1/ip/design_1_axi_ctrl_smc_0/bd_0/ip/ip_8/bd_01d9_s00tr_0.xci' referenced by design 'bd_01d9' could not be found.
WARNING: [BD 41-2576] File '/run/media/pjs/6A43-DC8A/smollm2-zybo/hw/vivado_project/GPTalk.gen/sources_1/bd/design_1/ip/design_1_axi_ctrl_smc_0/bd_0/ip/ip_9/bd_01d9_s00sic_0.xci' referenced by design 'bd_01d9' could not be found.
WARNING: [BD 41-2576] File '/run/media/pjs/6A43-DC8A/smollm2-zybo/hw/vivado_project/GPTalk.gen/sources_1/bd/design_1/ip/design_1_axi_ctrl_smc_0/bd_0/ip/ip_10/bd_01d9_s00a2s_0.xci' referenced by design 'bd_01d9' could not be found.
WARNING: [BD 41-2576] File '/run/media/pjs/6A43-DC8A/smollm2-zybo/hw/vivado_project/GPTalk.gen/sources_1/bd/design_1/ip/design_1_axi_ctrl_smc_0/bd_0/ip/ip_11/bd_01d9_sarn_0.xci' referenced by design 'bd_01d9' could not be found.
WARNING: [BD 41-2576] File '/run/media/pjs/6A43-DC8A/smollm2-zybo/hw/vivado_project/GPTalk.gen/sources_1/bd/design_1/ip/design_1_axi_ctrl_smc_0/bd_0/ip/ip_12/bd_01d9_srn_0.xci' referenced by design 'bd_01d9' could not be found.
WARNING: [BD 41-2576] File '/run/media/pjs/6A43-DC8A/smollm2-zybo/hw/vivado_project/GPTalk.gen/sources_1/bd/design_1/ip/design_1_axi_ctrl_smc_0/bd_0/ip/ip_13/bd_01d9_sawn_0.xci' referenced by design 'bd_01d9' could not be found.
WARNING: [BD 41-2576] File '/run/media/pjs/6A43-DC8A/smollm2-zybo/hw/vivado_project/GPTalk.gen/sources_1/bd/design_1/ip/design_1_axi_ctrl_smc_0/bd_0/ip/ip_14/bd_01d9_swn_0.xci' referenced by design 'bd_01d9' could not be found.
WARNING: [BD 41-2576] File '/run/media/pjs/6A43-DC8A/smollm2-zybo/hw/vivado_project/GPTalk.gen/sources_1/bd/design_1/ip/design_1_axi_ctrl_smc_0/bd_0/ip/ip_15/bd_01d9_sbn_0.xci' referenced by design 'bd_01d9' could not be found.
WARNING: [BD 41-2576] File '/run/media/pjs/6A43-DC8A/smollm2-zybo/hw/vivado_project/GPTalk.gen/sources_1/bd/design_1/ip/design_1_axi_ctrl_smc_0/bd_0/ip/ip_16/bd_01d9_m00s2a_0.xci' referenced by design 'bd_01d9' could not be found.
WARNING: [BD 41-2576] File '/run/media/pjs/6A43-DC8A/smollm2-zybo/hw/vivado_project/GPTalk.gen/sources_1/bd/design_1/ip/design_1_axi_ctrl_smc_0/bd_0/ip/ip_17/bd_01d9_m00arn_0.xci' referenced by design 'bd_01d9' could not be found.
WARNING: [BD 41-2576] File '/run/media/pjs/6A43-DC8A/smollm2-zybo/hw/vivado_project/GPTalk.gen/sources_1/bd/design_1/ip/design_1_axi_ctrl_smc_0/bd_0/ip/ip_18/bd_01d9_m00rn_0.xci' referenced by design 'bd_01d9' could not be found.
WARNING: [BD 41-2576] File '/run/media/pjs/6A43-DC8A/smollm2-zybo/hw/vivado_project/GPTalk.gen/sources_1/bd/design_1/ip/design_1_axi_ctrl_smc_0/bd_0/ip/ip_19/bd_01d9_m00awn_0.xci' referenced by design 'bd_01d9' could not be found.
WARNING: [BD 41-2576] File '/run/media/pjs/6A43-DC8A/smollm2-zybo/hw/vivado_project/GPTalk.gen/sources_1/bd/design_1/ip/design_1_axi_ctrl_smc_0/bd_0/ip/ip_20/bd_01d9_m00wn_0.xci' referenced by design 'bd_01d9' could not be found.
WARNING: [BD 41-2576] File '/run/media/pjs/6A43-DC8A/smollm2-zybo/hw/vivado_project/GPTalk.gen/sources_1/bd/design_1/ip/design_1_axi_ctrl_smc_0/bd_0/ip/ip_21/bd_01d9_m00bn_0.xci' referenced by design 'bd_01d9' could not be found.
WARNING: [BD 41-2576] File '/run/media/pjs/6A43-DC8A/smollm2-zybo/hw/vivado_project/GPTalk.gen/sources_1/bd/design_1/ip/design_1_axi_ctrl_smc_0/bd_0/ip/ip_22/bd_01d9_m00e_0.xci' referenced by design 'bd_01d9' could not be found.
WARNING: [BD 41-2576] File '/run/media/pjs/6A43-DC8A/smollm2-zybo/hw/vivado_project/GPTalk.gen/sources_1/bd/design_1/ip/design_1_axi_ctrl_smc_0/bd_0/ip/ip_23/bd_01d9_m01s2a_0.xci' referenced by design 'bd_01d9' could not be found.
WARNING: [BD 41-2576] File '/run/media/pjs/6A43-DC8A/smollm2-zybo/hw/vivado_project/GPTalk.gen/sources_1/bd/design_1/ip/design_1_axi_ctrl_smc_0/bd_0/ip/ip_24/bd_01d9_m01arn_0.xci' referenced by design 'bd_01d9' could not be found.
WARNING: [BD 41-2576] File '/run/media/pjs/6A43-DC8A/smollm2-zybo/hw/vivado_project/GPTalk.gen/sources_1/bd/design_1/ip/design_1_axi_ctrl_smc_0/bd_0/ip/ip_25/bd_01d9_m01rn_0.xci' referenced by design 'bd_01d9' could not be found.
WARNING: [BD 41-2576] File '/run/media/pjs/6A43-DC8A/smollm2-zybo/hw/vivado_project/GPTalk.gen/sources_1/bd/design_1/ip/design_1_axi_ctrl_smc_0/bd_0/ip/ip_26/bd_01d9_m01awn_0.xci' referenced by design 'bd_01d9' could not be found.
WARNING: [BD 41-2576] File '/run/media/pjs/6A43-DC8A/smollm2-zybo/hw/vivado_project/GPTalk.gen/sources_1/bd/design_1/ip/design_1_axi_ctrl_smc_0/bd_0/ip/ip_27/bd_01d9_m01wn_0.xci' referenced by design 'bd_01d9' could not be found.
WARNING: [BD 41-2576] File '/run/media/pjs/6A43-DC8A/smollm2-zybo/hw/vivado_project/GPTalk.gen/sources_1/bd/design_1/ip/design_1_axi_ctrl_smc_0/bd_0/ip/ip_28/bd_01d9_m01bn_0.xci' referenced by design 'bd_01d9' could not be found.
WARNING: [BD 41-2576] File '/run/media/pjs/6A43-DC8A/smollm2-zybo/hw/vivado_project/GPTalk.gen/sources_1/bd/design_1/ip/design_1_axi_ctrl_smc_0/bd_0/ip/ip_29/bd_01d9_m01e_0.xci' referenced by design 'bd_01d9' could not be found.
WARNING: [BD 41-2576] File '/run/media/pjs/6A43-DC8A/smollm2-zybo/hw/vivado_project/GPTalk.gen/sources_1/bd/design_1/ip/design_1_axi_ctrl_smc_0/bd_0/ip/ip_30/bd_01d9_m02s2a_0.xci' referenced by design 'bd_01d9' could not be found.
WARNING: [BD 41-2576] File '/run/media/pjs/6A43-DC8A/smollm2-zybo/hw/vivado_project/GPTalk.gen/sources_1/bd/design_1/ip/design_1_axi_ctrl_smc_0/bd_0/ip/ip_31/bd_01d9_m02arn_0.xci' referenced by design 'bd_01d9' could not be found.
WARNING: [BD 41-2576] File '/run/media/pjs/6A43-DC8A/smollm2-zybo/hw/vivado_project/GPTalk.gen/sources_1/bd/design_1/ip/design_1_axi_ctrl_smc_0/bd_0/ip/ip_32/bd_01d9_m02rn_0.xci' referenced by design 'bd_01d9' could not be found.
WARNING: [BD 41-2576] File '/run/media/pjs/6A43-DC8A/smollm2-zybo/hw/vivado_project/GPTalk.gen/sources_1/bd/design_1/ip/design_1_axi_ctrl_smc_0/bd_0/ip/ip_33/bd_01d9_m02awn_0.xci' referenced by design 'bd_01d9' could not be found.
WARNING: [BD 41-2576] File '/run/media/pjs/6A43-DC8A/smollm2-zybo/hw/vivado_project/GPTalk.gen/sources_1/bd/design_1/ip/design_1_axi_ctrl_smc_0/bd_0/ip/ip_34/bd_01d9_m02wn_0.xci' referenced by design 'bd_01d9' could not be found.
WARNING: [BD 41-2576] File '/run/media/pjs/6A43-DC8A/smollm2-zybo/hw/vivado_project/GPTalk.gen/sources_1/bd/design_1/ip/design_1_axi_ctrl_smc_0/bd_0/ip/ip_35/bd_01d9_m02bn_0.xci' referenced by design 'bd_01d9' could not be found.
WARNING: [BD 41-2576] File '/run/media/pjs/6A43-DC8A/smollm2-zybo/hw/vivado_project/GPTalk.gen/sources_1/bd/design_1/ip/design_1_axi_ctrl_smc_0/bd_0/ip/ip_36/bd_01d9_m02e_0.xci' referenced by design 'bd_01d9' could not be found.
WARNING: [BD 41-2576] File '/run/media/pjs/6A43-DC8A/smollm2-zybo/hw/vivado_project/GPTalk.gen/sources_1/bd/design_1/ip/design_1_axi_ctrl_smc_0/bd_0/ip/ip_37/bd_01d9_m03s2a_0.xci' referenced by design 'bd_01d9' could not be found.
WARNING: [BD 41-2576] File '/run/media/pjs/6A43-DC8A/smollm2-zybo/hw/vivado_project/GPTalk.gen/sources_1/bd/design_1/ip/design_1_axi_ctrl_smc_0/bd_0/ip/ip_38/bd_01d9_m03arn_0.xci' referenced by design 'bd_01d9' could not be found.
WARNING: [BD 41-2576] File '/run/media/pjs/6A43-DC8A/smollm2-zybo/hw/vivado_project/GPTalk.gen/sources_1/bd/design_1/ip/design_1_axi_ctrl_smc_0/bd_0/ip/ip_39/bd_01d9_m03rn_0.xci' referenced by design 'bd_01d9' could not be found.
WARNING: [BD 41-2576] File '/run/media/pjs/6A43-DC8A/smollm2-zybo/hw/vivado_project/GPTalk.gen/sources_1/bd/design_1/ip/design_1_axi_ctrl_smc_0/bd_0/ip/ip_40/bd_01d9_m03awn_0.xci' referenced by design 'bd_01d9' could not be found.
WARNING: [BD 41-2576] File '/run/media/pjs/6A43-DC8A/smollm2-zybo/hw/vivado_project/GPTalk.gen/sources_1/bd/design_1/ip/design_1_axi_ctrl_smc_0/bd_0/ip/ip_41/bd_01d9_m03wn_0.xci' referenced by design 'bd_01d9' could not be found.
WARNING: [BD 41-2576] File '/run/media/pjs/6A43-DC8A/smollm2-zybo/hw/vivado_project/GPTalk.gen/sources_1/bd/design_1/ip/design_1_axi_ctrl_smc_0/bd_0/ip/ip_42/bd_01d9_m03bn_0.xci' referenced by design 'bd_01d9' could not be found.
WARNING: [BD 41-2576] File '/run/media/pjs/6A43-DC8A/smollm2-zybo/hw/vivado_project/GPTalk.gen/sources_1/bd/design_1/ip/design_1_axi_ctrl_smc_0/bd_0/ip/ip_43/bd_01d9_m03e_0.xci' referenced by design 'bd_01d9' could not be found.
WARNING: [BD 41-2576] File '/run/media/pjs/6A43-DC8A/smollm2-zybo/hw/vivado_project/GPTalk.gen/sources_1/bd/design_1/ip/design_1_axi_ctrl_smc_0/bd_0/ip/ip_44/bd_01d9_m04s2a_0.xci' referenced by design 'bd_01d9' could not be found.
WARNING: [BD 41-2576] File '/run/media/pjs/6A43-DC8A/smollm2-zybo/hw/vivado_project/GPTalk.gen/sources_1/bd/design_1/ip/design_1_axi_ctrl_smc_0/bd_0/ip/ip_45/bd_01d9_m04arn_0.xci' referenced by design 'bd_01d9' could not be found.
WARNING: [BD 41-2576] File '/run/media/pjs/6A43-DC8A/smollm2-zybo/hw/vivado_project/GPTalk.gen/sources_1/bd/design_1/ip/design_1_axi_ctrl_smc_0/bd_0/ip/ip_46/bd_01d9_m04rn_0.xci' referenced by design 'bd_01d9' could not be found.
WARNING: [BD 41-2576] File '/run/media/pjs/6A43-DC8A/smollm2-zybo/hw/vivado_project/GPTalk.gen/sources_1/bd/design_1/ip/design_1_axi_ctrl_smc_0/bd_0/ip/ip_47/bd_01d9_m04awn_0.xci' referenced by design 'bd_01d9' could not be found.
WARNING: [BD 41-2576] File '/run/media/pjs/6A43-DC8A/smollm2-zybo/hw/vivado_project/GPTalk.gen/sources_1/bd/design_1/ip/design_1_axi_ctrl_smc_0/bd_0/ip/ip_48/bd_01d9_m04wn_0.xci' referenced by design 'bd_01d9' could not be found.
WARNING: [BD 41-2576] File '/run/media/pjs/6A43-DC8A/smollm2-zybo/hw/vivado_project/GPTalk.gen/sources_1/bd/design_1/ip/design_1_axi_ctrl_smc_0/bd_0/ip/ip_49/bd_01d9_m04bn_0.xci' referenced by design 'bd_01d9' could not be found.
WARNING: [BD 41-2576] File '/run/media/pjs/6A43-DC8A/smollm2-zybo/hw/vivado_project/GPTalk.gen/sources_1/bd/design_1/ip/design_1_axi_ctrl_smc_0/bd_0/ip/ip_50/bd_01d9_m04e_0.xci' referenced by design 'bd_01d9' could not be found.
WARNING: [BD 41-2576] File '/run/media/pjs/6A43-DC8A/smollm2-zybo/hw/vivado_project/GPTalk.gen/sources_1/bd/design_1/ip/design_1_axi_ctrl_smc_0/bd_0/ip/ip_51/bd_01d9_m05s2a_0.xci' referenced by design 'bd_01d9' could not be found.
WARNING: [BD 41-2576] File '/run/media/pjs/6A43-DC8A/smollm2-zybo/hw/vivado_project/GPTalk.gen/sources_1/bd/design_1/ip/design_1_axi_ctrl_smc_0/bd_0/ip/ip_52/bd_01d9_m05arn_0.xci' referenced by design 'bd_01d9' could not be found.
WARNING: [BD 41-2576] File '/run/media/pjs/6A43-DC8A/smollm2-zybo/hw/vivado_project/GPTalk.gen/sources_1/bd/design_1/ip/design_1_axi_ctrl_smc_0/bd_0/ip/ip_53/bd_01d9_m05rn_0.xci' referenced by design 'bd_01d9' could not be found.
WARNING: [BD 41-2576] File '/run/media/pjs/6A43-DC8A/smollm2-zybo/hw/vivado_project/GPTalk.gen/sources_1/bd/design_1/ip/design_1_axi_ctrl_smc_0/bd_0/ip/ip_54/bd_01d9_m05awn_0.xci' referenced by design 'bd_01d9' could not be found.
WARNING: [BD 41-2576] File '/run/media/pjs/6A43-DC8A/smollm2-zybo/hw/vivado_project/GPTalk.gen/sources_1/bd/design_1/ip/design_1_axi_ctrl_smc_0/bd_0/ip/ip_55/bd_01d9_m05wn_0.xci' referenced by design 'bd_01d9' could not be found.
WARNING: [BD 41-2576] File '/run/media/pjs/6A43-DC8A/smollm2-zybo/hw/vivado_project/GPTalk.gen/sources_1/bd/design_1/ip/design_1_axi_ctrl_smc_0/bd_0/ip/ip_56/bd_01d9_m05bn_0.xci' referenced by design 'bd_01d9' could not be found.
WARNING: [BD 41-2576] File '/run/media/pjs/6A43-DC8A/smollm2-zybo/hw/vivado_project/GPTalk.gen/sources_1/bd/design_1/ip/design_1_axi_ctrl_smc_0/bd_0/ip/ip_57/bd_01d9_m05e_0.xci' referenced by design 'bd_01d9' could not be found.
WARNING: [BD 41-2576] File '/run/media/pjs/6A43-DC8A/smollm2-zybo/hw/vivado_project/GPTalk.gen/sources_1/bd/design_1/ip/design_1_axi_video_hp0_smc_0/bd_0/ip/ip_0/bd_aff9_one_0.xci' referenced by design 'bd_aff9' could not be found.
WARNING: [BD 41-2576] File '/run/media/pjs/6A43-DC8A/smollm2-zybo/hw/vivado_project/GPTalk.gen/sources_1/bd/design_1/ip/design_1_axi_video_hp0_smc_0/bd_0/ip/ip_1/bd_aff9_psr_aclk_0.xci' referenced by design 'bd_aff9' could not be found.
WARNING: [BD 41-2576] File '/run/media/pjs/6A43-DC8A/smollm2-zybo/hw/vivado_project/GPTalk.gen/sources_1/bd/design_1/ip/design_1_axi_video_hp0_smc_0/bd_0/ip/ip_2/bd_aff9_s00mmu_0.xci' referenced by design 'bd_aff9' could not be found.
WARNING: [BD 41-2576] File '/run/media/pjs/6A43-DC8A/smollm2-zybo/hw/vivado_project/GPTalk.gen/sources_1/bd/design_1/ip/design_1_axi_video_hp0_smc_0/bd_0/ip/ip_3/bd_aff9_s00tr_0.xci' referenced by design 'bd_aff9' could not be found.
WARNING: [BD 41-2576] File '/run/media/pjs/6A43-DC8A/smollm2-zybo/hw/vivado_project/GPTalk.gen/sources_1/bd/design_1/ip/design_1_axi_video_hp0_smc_0/bd_0/ip/ip_4/bd_aff9_s00sic_0.xci' referenced by design 'bd_aff9' could not be found.
WARNING: [BD 41-2576] File '/run/media/pjs/6A43-DC8A/smollm2-zybo/hw/vivado_project/GPTalk.gen/sources_1/bd/design_1/ip/design_1_axi_video_hp0_smc_0/bd_0/ip/ip_5/bd_aff9_s00a2s_0.xci' referenced by design 'bd_aff9' could not be found.
WARNING: [BD 41-2576] File '/run/media/pjs/6A43-DC8A/smollm2-zybo/hw/vivado_project/GPTalk.gen/sources_1/bd/design_1/ip/design_1_axi_video_hp0_smc_0/bd_0/ip/ip_6/bd_aff9_sarn_0.xci' referenced by design 'bd_aff9' could not be found.
WARNING: [BD 41-2576] File '/run/media/pjs/6A43-DC8A/smollm2-zybo/hw/vivado_project/GPTalk.gen/sources_1/bd/design_1/ip/design_1_axi_video_hp0_smc_0/bd_0/ip/ip_7/bd_aff9_srn_0.xci' referenced by design 'bd_aff9' could not be found.
WARNING: [BD 41-2576] File '/run/media/pjs/6A43-DC8A/smollm2-zybo/hw/vivado_project/GPTalk.gen/sources_1/bd/design_1/ip/design_1_axi_video_hp0_smc_0/bd_0/ip/ip_8/bd_aff9_m00s2a_0.xci' referenced by design 'bd_aff9' could not be found.
WARNING: [BD 41-2576] File '/run/media/pjs/6A43-DC8A/smollm2-zybo/hw/vivado_project/GPTalk.gen/sources_1/bd/design_1/ip/design_1_axi_video_hp0_smc_0/bd_0/ip/ip_9/bd_aff9_m00e_0.xci' referenced by design 'bd_aff9' could not be found.
WARNING: [BD 41-2576] File '/run/media/pjs/6A43-DC8A/smollm2-zybo/hw/vivado_project/GPTalk.gen/sources_1/bd/design_1/ip/design_1_axi_gemv_hp1_smc_0/bd_0/ip/ip_0/bd_836e_one_0.xci' referenced by design 'bd_836e' could not be found.
WARNING: [BD 41-2576] File '/run/media/pjs/6A43-DC8A/smollm2-zybo/hw/vivado_project/GPTalk.gen/sources_1/bd/design_1/ip/design_1_axi_gemv_hp1_smc_0/bd_0/ip/ip_1/bd_836e_psr_aclk_0.xci' referenced by design 'bd_836e' could not be found.
WARNING: [BD 41-2576] File '/run/media/pjs/6A43-DC8A/smollm2-zybo/hw/vivado_project/GPTalk.gen/sources_1/bd/design_1/ip/design_1_axi_gemv_hp1_smc_0/bd_0/ip/ip_2/bd_836e_arsw_0.xci' referenced by design 'bd_836e' could not be found.
WARNING: [BD 41-2576] File '/run/media/pjs/6A43-DC8A/smollm2-zybo/hw/vivado_project/GPTalk.gen/sources_1/bd/design_1/ip/design_1_axi_gemv_hp1_smc_0/bd_0/ip/ip_3/bd_836e_rsw_0.xci' referenced by design 'bd_836e' could not be found.
WARNING: [BD 41-2576] File '/run/media/pjs/6A43-DC8A/smollm2-zybo/hw/vivado_project/GPTalk.gen/sources_1/bd/design_1/ip/design_1_axi_gemv_hp1_smc_0/bd_0/ip/ip_4/bd_836e_awsw_0.xci' referenced by design 'bd_836e' could not be found.
WARNING: [BD 41-2576] File '/run/media/pjs/6A43-DC8A/smollm2-zybo/hw/vivado_project/GPTalk.gen/sources_1/bd/design_1/ip/design_1_axi_gemv_hp1_smc_0/bd_0/ip/ip_5/bd_836e_wsw_0.xci' referenced by design 'bd_836e' could not be found.
WARNING: [BD 41-2576] File '/run/media/pjs/6A43-DC8A/smollm2-zybo/hw/vivado_project/GPTalk.gen/sources_1/bd/design_1/ip/design_1_axi_gemv_hp1_smc_0/bd_0/ip/ip_6/bd_836e_bsw_0.xci' referenced by design 'bd_836e' could not be found.
WARNING: [BD 41-2576] File '/run/media/pjs/6A43-DC8A/smollm2-zybo/hw/vivado_project/GPTalk.gen/sources_1/bd/design_1/ip/design_1_axi_gemv_hp1_smc_0/bd_0/ip/ip_7/bd_836e_s00mmu_0.xci' referenced by design 'bd_836e' could not be found.
WARNING: [BD 41-2576] File '/run/media/pjs/6A43-DC8A/smollm2-zybo/hw/vivado_project/GPTalk.gen/sources_1/bd/design_1/ip/design_1_axi_gemv_hp1_smc_0/bd_0/ip/ip_8/bd_836e_s00tr_0.xci' referenced by design 'bd_836e' could not be found.
WARNING: [BD 41-2576] File '/run/media/pjs/6A43-DC8A/smollm2-zybo/hw/vivado_project/GPTalk.gen/sources_1/bd/design_1/ip/design_1_axi_gemv_hp1_smc_0/bd_0/ip/ip_9/bd_836e_s00sic_0.xci' referenced by design 'bd_836e' could not be found.
WARNING: [BD 41-2576] File '/run/media/pjs/6A43-DC8A/smollm2-zybo/hw/vivado_project/GPTalk.gen/sources_1/bd/design_1/ip/design_1_axi_gemv_hp1_smc_0/bd_0/ip/ip_10/bd_836e_s00a2s_0.xci' referenced by design 'bd_836e' could not be found.
WARNING: [BD 41-2576] File '/run/media/pjs/6A43-DC8A/smollm2-zybo/hw/vivado_project/GPTalk.gen/sources_1/bd/design_1/ip/design_1_axi_gemv_hp1_smc_0/bd_0/ip/ip_11/bd_836e_sarn_0.xci' referenced by design 'bd_836e' could not be found.
WARNING: [BD 41-2576] File '/run/media/pjs/6A43-DC8A/smollm2-zybo/hw/vivado_project/GPTalk.gen/sources_1/bd/design_1/ip/design_1_axi_gemv_hp1_smc_0/bd_0/ip/ip_12/bd_836e_srn_0.xci' referenced by design 'bd_836e' could not be found.
WARNING: [BD 41-2576] File '/run/media/pjs/6A43-DC8A/smollm2-zybo/hw/vivado_project/GPTalk.gen/sources_1/bd/design_1/ip/design_1_axi_gemv_hp1_smc_0/bd_0/ip/ip_13/bd_836e_s01mmu_0.xci' referenced by design 'bd_836e' could not be found.
WARNING: [BD 41-2576] File '/run/media/pjs/6A43-DC8A/smollm2-zybo/hw/vivado_project/GPTalk.gen/sources_1/bd/design_1/ip/design_1_axi_gemv_hp1_smc_0/bd_0/ip/ip_14/bd_836e_s01tr_0.xci' referenced by design 'bd_836e' could not be found.
WARNING: [BD 41-2576] File '/run/media/pjs/6A43-DC8A/smollm2-zybo/hw/vivado_project/GPTalk.gen/sources_1/bd/design_1/ip/design_1_axi_gemv_hp1_smc_0/bd_0/ip/ip_15/bd_836e_s01sic_0.xci' referenced by design 'bd_836e' could not be found.
WARNING: [BD 41-2576] File '/run/media/pjs/6A43-DC8A/smollm2-zybo/hw/vivado_project/GPTalk.gen/sources_1/bd/design_1/ip/design_1_axi_gemv_hp1_smc_0/bd_0/ip/ip_16/bd_836e_s01a2s_0.xci' referenced by design 'bd_836e' could not be found.
WARNING: [BD 41-2576] File '/run/media/pjs/6A43-DC8A/smollm2-zybo/hw/vivado_project/GPTalk.gen/sources_1/bd/design_1/ip/design_1_axi_gemv_hp1_smc_0/bd_0/ip/ip_17/bd_836e_sawn_0.xci' referenced by design 'bd_836e' could not be found.
WARNING: [BD 41-2576] File '/run/media/pjs/6A43-DC8A/smollm2-zybo/hw/vivado_project/GPTalk.gen/sources_1/bd/design_1/ip/design_1_axi_gemv_hp1_smc_0/bd_0/ip/ip_18/bd_836e_swn_0.xci' referenced by design 'bd_836e' could not be found.
WARNING: [BD 41-2576] File '/run/media/pjs/6A43-DC8A/smollm2-zybo/hw/vivado_project/GPTalk.gen/sources_1/bd/design_1/ip/design_1_axi_gemv_hp1_smc_0/bd_0/ip/ip_19/bd_836e_sbn_0.xci' referenced by design 'bd_836e' could not be found.
WARNING: [BD 41-2576] File '/run/media/pjs/6A43-DC8A/smollm2-zybo/hw/vivado_project/GPTalk.gen/sources_1/bd/design_1/ip/design_1_axi_gemv_hp1_smc_0/bd_0/ip/ip_20/bd_836e_m00s2a_0.xci' referenced by design 'bd_836e' could not be found.
WARNING: [BD 41-2576] File '/run/media/pjs/6A43-DC8A/smollm2-zybo/hw/vivado_project/GPTalk.gen/sources_1/bd/design_1/ip/design_1_axi_gemv_hp1_smc_0/bd_0/ip/ip_21/bd_836e_m00arn_0.xci' referenced by design 'bd_836e' could not be found.
WARNING: [BD 41-2576] File '/run/media/pjs/6A43-DC8A/smollm2-zybo/hw/vivado_project/GPTalk.gen/sources_1/bd/design_1/ip/design_1_axi_gemv_hp1_smc_0/bd_0/ip/ip_22/bd_836e_m00rn_0.xci' referenced by design 'bd_836e' could not be found.
WARNING: [BD 41-2576] File '/run/media/pjs/6A43-DC8A/smollm2-zybo/hw/vivado_project/GPTalk.gen/sources_1/bd/design_1/ip/design_1_axi_gemv_hp1_smc_0/bd_0/ip/ip_23/bd_836e_m00awn_0.xci' referenced by design 'bd_836e' could not be found.
WARNING: [BD 41-2576] File '/run/media/pjs/6A43-DC8A/smollm2-zybo/hw/vivado_project/GPTalk.gen/sources_1/bd/design_1/ip/design_1_axi_gemv_hp1_smc_0/bd_0/ip/ip_24/bd_836e_m00wn_0.xci' referenced by design 'bd_836e' could not be found.
WARNING: [BD 41-2576] File '/run/media/pjs/6A43-DC8A/smollm2-zybo/hw/vivado_project/GPTalk.gen/sources_1/bd/design_1/ip/design_1_axi_gemv_hp1_smc_0/bd_0/ip/ip_25/bd_836e_m00bn_0.xci' referenced by design 'bd_836e' could not be found.
WARNING: [BD 41-2576] File '/run/media/pjs/6A43-DC8A/smollm2-zybo/hw/vivado_project/GPTalk.gen/sources_1/bd/design_1/ip/design_1_axi_gemv_hp1_smc_0/bd_0/ip/ip_26/bd_836e_m00e_0.xci' referenced by design 'bd_836e' could not be found.
INFO: [Project 1-5579] Found utility IPs instantiated in one or more block designs which have equivalent inline hdl with improved performance and reduced diskspace. It is recommended to migrate these utility IPs to inline hdl using the command upgrade_project -migrate_to_inline_hdl. The utility IPs may be deprecated in future releases. More information on inline hdl is available in UG994.
# if {[llength [get_files -quiet $axis128_top]] == 0} {
#     add_files -norecurse $axis128_top
# }
# update_compile_order -fileset sources_1
# open_bd_design /run/media/pjs/6A43-DC8A/smollm2-zybo/hw/vivado_project/GPTalk.srcs/sources_1/bd/design_1/design_1.bd
Reading block design file </run/media/pjs/6A43-DC8A/smollm2-zybo/hw/vivado_project/GPTalk.srcs/sources_1/bd/design_1/design_1.bd>...
Adding component instance block -- xilinx.com:ip:processing_system7:5.5 - processing_system7_0
Adding component instance block -- xilinx.com:ip:proc_sys_reset:5.0 - rst_ps7_0_100M
Adding component instance block -- xilinx.com:ip:proc_sys_reset:5.0 - rst_ps7_0_133M
Adding component instance block -- xilinx.com:ip:proc_sys_reset:5.0 - rst_ps7_0_gemv
Adding component instance block -- xilinx.com:ip:smartconnect:1.0 - axi_ctrl_smc
Adding component instance block -- xilinx.com:ip:smartconnect:1.0 - axi_video_hp0_smc
Adding component instance block -- xilinx.com:ip:smartconnect:1.0 - axi_gemv_hp1_smc
Adding component instance block -- xilinx.com:ip:axi_clock_converter:2.1 - axi_gemv_ctrl_clkconv
Adding component instance block -- xilinx.com:ip:axi_clock_converter:2.1 - axi_bram_ctrl_clkconv
Adding component instance block -- xilinx.com:ip:axi_clock_converter:2.1 - axi_dma_ctrl_clkconv
Adding component instance block -- digilentinc.com:ip:axi_dynclk:1.2 - axi_dynclk_0
Adding component instance block -- xilinx.com:ip:v_tc:6.2 - v_tc_out
Adding component instance block -- xilinx.com:ip:axi_vdma:6.3 - axi_vdma_1
Adding component instance block -- xilinx.com:ip:axis_subset_converter:1.1 - axis_subset_converter_out
Adding component instance block -- xilinx.com:ip:v_axi4s_vid_out:4.0 - v_axi4s_vid_out_0
Adding component instance block -- digilentinc.com:ip:rgb2dvi:1.4 - rgb2dvi_1
Adding component instance block -- xilinx.com:ip:axi_dma:7.1 - axi_dma_0
Adding component instance block -- xilinx.com:ip:axis_data_fifo:2.0 - mm2s_axis_fifo
Adding component instance block -- xilinx.com:ip:axis_data_fifo:2.0 - s2mm_axis_fifo
Adding component instance block -- xilinx.com:ip:axi_bram_ctrl:4.1 - axi_input_bram_ctrl
Adding component instance block -- xilinx.com:ip:blk_mem_gen:8.4 - input_vector_bram
Adding component instance block -- xilinx.com:module_ref:gemv_q8_0_dma_top:1.0 - gemv_q8_0_dma_top_0
INFO: [BD 41-1728] Could not find a module with name: design_1_gemv_q8_0_dma_top_0_0 
Adding component instance block -- xilinx.com:ip:xlconcat:2.1 - xlconcat_0
Successfully read diagram <design_1> from block design file </run/media/pjs/6A43-DC8A/smollm2-zybo/hw/vivado_project/GPTalk.srcs/sources_1/bd/design_1/design_1.bd>
INFO: [BD 41-433] Design successfully migrated to use XCI files...
INFO: [Ipptcl 7-1463] No Compatible Board Interface found. Board Tab not created in customize GUI
INFO: [BD 41-433] Design successfully migrated to use XCI files...
INFO: [Ipptcl 7-1463] No Compatible Board Interface found. Board Tab not created in customize GUI
INFO: [BD 41-433] Design successfully migrated to use XCI files...
INFO: [Ipptcl 7-1463] No Compatible Board Interface found. Board Tab not created in customize GUI
INFO: [BD 41-433] Design successfully migrated to use XCI files...
# current_bd_design $bd_name
# set ps7 [must_get_cell processing_system7_0]
# set dma [must_get_cell axi_dma_0]
# set mm2s_fifo [must_get_cell mm2s_axis_fifo]
# set s2mm_fifo [must_get_cell s2mm_axis_fifo]
# must_get_cell input_vector_bram
# line $fd ""
# line $fd "before:"
# line $fd "axi_dma_0 CONFIG.c_m_axis_mm2s_tdata_width: [get_property CONFIG.c_m_axis_mm2s_tdata_width $dma]"
# line $fd "axi_dma_0 CONFIG.c_s_axis_s2mm_tdata_width: [get_property CONFIG.c_s_axis_s2mm_tdata_width $dma]"
# line $fd "mm2s_axis_fifo CONFIG.TDATA_NUM_BYTES: [get_property CONFIG.TDATA_NUM_BYTES $mm2s_fifo]"
# line $fd "s2mm_axis_fifo CONFIG.TDATA_NUM_BYTES: [get_property CONFIG.TDATA_NUM_BYTES $s2mm_fifo]"
# if {[llength [get_bd_pins -quiet gemv_q8_0_dma_top_0/S_AXIS_TDATA]]} {
#     line $fd "gemv S_AXIS_TDATA LEFT: [get_property LEFT [get_bd_pins gemv_q8_0_dma_top_0/S_AXIS_TDATA]]"
# }
# try_set $dma [list \
#     CONFIG.c_m_axis_mm2s_tdata_width 128 \
#     CONFIG.c_s_axis_s2mm_tdata_width 32 \
# ]
# try_set $mm2s_fifo [list \
#     CONFIG.TDATA_NUM_BYTES 16 \
#     CONFIG.HAS_TKEEP 1 \
#     CONFIG.HAS_TLAST 1 \
# ]
# try_set $s2mm_fifo [list \
#     CONFIG.TDATA_NUM_BYTES 4 \
#     CONFIG.HAS_TKEEP 1 \
#     CONFIG.HAS_TLAST 1 \
# ]
# set old_gemv [get_bd_cells -quiet gemv_q8_0_dma_top_0]
# if {[llength $old_gemv]} {
#     delete_bd_objs $old_gemv
# }
# foreach net_name {
#     axi_gemv_ctrl_clkconv_M_AXI
#     mm2s_axis_fifo_M_AXIS
#     gemv_q8_0_dma_top_0_M_AXIS
# } {
#     delete_intf_net_if_exists $net_name
# }
# foreach net_name {
#     gemv_q8_0_dma_top_0_INPUT_BRAM_ADDR
#     gemv_q8_0_dma_top_0_INPUT_BRAM_CLK
#     gemv_q8_0_dma_top_0_INPUT_BRAM_DIN
#     gemv_q8_0_dma_top_0_INPUT_BRAM_DOUT
#     gemv_q8_0_dma_top_0_INPUT_BRAM_EN
#     gemv_q8_0_dma_top_0_INPUT_BRAM_RST
#     gemv_q8_0_dma_top_0_INPUT_BRAM_WE
# } {
#     delete_net_if_exists $net_name
# }
# create_bd_cell -type module -reference gemv_q8_0_dma_top_axis128 gemv_q8_0_dma_top_0
# set gemv [must_get_cell gemv_q8_0_dma_top_0]
# connect_intf axi_gemv_ctrl_clkconv/M_AXI gemv_q8_0_dma_top_0/S_AXI
# connect_intf mm2s_axis_fifo/M_AXIS gemv_q8_0_dma_top_0/S_AXIS
# connect_intf gemv_q8_0_dma_top_0/M_AXIS s2mm_axis_fifo/S_AXIS
# if {[llength [get_bd_intf_pins -quiet gemv_q8_0_dma_top_0/INPUT_BRAM_PORT]] && [llength [get_bd_intf_pins -quiet input_vector_bram/BRAM_PORTB]]} {
#     connect_intf gemv_q8_0_dma_top_0/INPUT_BRAM_PORT input_vector_bram/BRAM_PORTB
# } else {
#     connect_net gemv_q8_0_dma_top_0/INPUT_BRAM_CLK input_vector_bram/clkb
#     connect_net gemv_q8_0_dma_top_0/INPUT_BRAM_RST input_vector_bram/rstb
#     connect_net gemv_q8_0_dma_top_0/INPUT_BRAM_EN input_vector_bram/enb
#     connect_net gemv_q8_0_dma_top_0/INPUT_BRAM_WE input_vector_bram/web
#     connect_net gemv_q8_0_dma_top_0/INPUT_BRAM_ADDR input_vector_bram/addrb
#     connect_net gemv_q8_0_dma_top_0/INPUT_BRAM_DIN input_vector_bram/dinb
#     connect_net gemv_q8_0_dma_top_0/INPUT_BRAM_DOUT input_vector_bram/doutb
# }
# connect_net processing_system7_0/FCLK_CLK2 gemv_q8_0_dma_top_0/S_AXI_ACLK
# connect_net rst_ps7_0_gemv/peripheral_aresetn gemv_q8_0_dma_top_0/S_AXI_ARESETN
# set ps_addr_space [get_bd_addr_spaces -quiet processing_system7_0/Data]
# set gemv_slave_seg [get_bd_addr_segs -quiet gemv_q8_0_dma_top_0/S_AXI/reg0]
# if {![llength $ps_addr_space] || ![llength $gemv_slave_seg]} {
#     line $fd "FAIL: missing PS address space or GEMV slave segment"
#     close $fd
#     error "missing address objects for GEMV segment"
# }
# set old_gemv_master_seg [get_bd_addr_segs -quiet processing_system7_0/Data/SEG_gemv_q8_0_dma_top_0_reg0]
# if {[llength $old_gemv_master_seg]} {
#     delete_bd_objs $old_gemv_master_seg
# }
# set invalid_vdma_seg [get_bd_addr_segs -quiet processing_system7_0/Data/SEG_axi_vdma_1_Reg]
# if {[llength $invalid_vdma_seg]} {
#     line $fd "removed invalid pre-existing HDMI VDMA address segment for S05.5 target generation: $invalid_vdma_seg"
#     delete_bd_objs $invalid_vdma_seg
# }
# set s_tdata_left [get_property LEFT [must_get_pin gemv_q8_0_dma_top_0/S_AXIS_TDATA]]
# set s_tkeep_left [get_property LEFT [must_get_pin gemv_q8_0_dma_top_0/S_AXIS_TKEEP]]
# set m_tdata_left [get_property LEFT [must_get_pin gemv_q8_0_dma_top_0/M_AXIS_TDATA]]
# if {$s_tdata_left ne "127" || $s_tkeep_left ne "15" || $m_tdata_left ne "31"} {
#     line $fd "FAIL: unexpected GEMV port widths S_TDATA_LEFT=$s_tdata_left S_TKEEP_LEFT=$s_tkeep_left M_TDATA_LEFT=$m_tdata_left"
#     close $fd
#     error "unexpected GEMV 128-bit boundary"
# }
# create_bd_addr_seg -range 4K -offset 0x43CA0000 $ps_addr_space $gemv_slave_seg SEG_gemv_q8_0_dma_top_0_reg0
CRITICAL WARNING: [BD 41-1356] Slave segment </axi_vdma_1/S_AXI_LITE/Reg> is not assigned into address space </processing_system7_0/Data>. Please use Address Editor to either assign or exclude it.
WARNING: [SMARTCONNECT-2] Port M03_AXI of /axi_ctrl_smc is connected to an infrastructure IP (/axi_dma_ctrl_clkconv).  It is recommended to attach AXI SmartConnect directly to endpoint IPs to avoid mismatches or other issues during validation.  If mismatches occur, manually assign values for AXI Interface properties of /axi_dma_ctrl_clkconv.
WARNING: [SMARTCONNECT-2] Port M04_AXI of /axi_ctrl_smc is connected to an infrastructure IP (/axi_gemv_ctrl_clkconv).  It is recommended to attach AXI SmartConnect directly to endpoint IPs to avoid mismatches or other issues during validation.  If mismatches occur, manually assign values for AXI Interface properties of /axi_gemv_ctrl_clkconv.
WARNING: [SMARTCONNECT-2] Port M05_AXI of /axi_ctrl_smc is connected to an infrastructure IP (/axi_bram_ctrl_clkconv).  It is recommended to attach AXI SmartConnect directly to endpoint IPs to avoid mismatches or other issues during validation.  If mismatches occur, manually assign values for AXI Interface properties of /axi_bram_ctrl_clkconv.
INFO: [BD 5-943] Reserving offset range <0x43C1_0000 [ 64K ]> from slave interface '/axi_ctrl_smc/S00_AXI' to master interface '/axi_ctrl_smc/M01_AXI'. This will be used by smartconnect on path for routing.
INFO: [BD 5-943] Reserving offset range <0x43C2_0000 [ 64K ]> from slave interface '/axi_ctrl_smc/S00_AXI' to master interface '/axi_ctrl_smc/M02_AXI'. This will be used by smartconnect on path for routing.
INFO: [BD 5-943] Reserving offset range <0x4040_0000 [ 64K ]> from slave interface '/axi_ctrl_smc/S00_AXI' to master interface '/axi_ctrl_smc/M03_AXI'. This will be used by smartconnect on path for routing.
INFO: [BD 5-943] Reserving offset range <0x43CA_0000 [ 4K ]> from slave interface '/axi_ctrl_smc/S00_AXI' to master interface '/axi_ctrl_smc/M04_AXI'. This will be used by smartconnect on path for routing.
INFO: [BD 5-943] Reserving offset range <0x4200_0000 [ 64K ]> from slave interface '/axi_ctrl_smc/S00_AXI' to master interface '/axi_ctrl_smc/M05_AXI'. This will be used by smartconnect on path for routing.
INFO: [xilinx.com:ip:smartconnect:1.0-1] design_1_axi_ctrl_smc_0: SmartConnect design_1_axi_ctrl_smc_0 is in High-performance Mode.
INFO: [Ipptcl 7-1463] No Compatible Board Interface found. Board Tab not created in customize GUI
INFO: [BD 5-943] Reserving offset range <0x0000_0000 [ 1G ]> from slave interface '/axi_video_hp0_smc/S00_AXI' to master interface '/axi_video_hp0_smc/M00_AXI'. This will be used by smartconnect on path for routing.
INFO: [xilinx.com:ip:smartconnect:1.0-1] design_1_axi_video_hp0_smc_0: SmartConnect design_1_axi_video_hp0_smc_0 is in High-performance Mode.
INFO: [BD 5-943] Reserving offset range <0x0000_0000 [ 1G ]> from slave interface '/axi_gemv_hp1_smc/S00_AXI' to master interface '/axi_gemv_hp1_smc/M00_AXI'. This will be used by smartconnect on path for routing.
INFO: [BD 5-943] Reserving offset range <0x0000_0000 [ 1G ]> from slave interface '/axi_gemv_hp1_smc/S01_AXI' to master interface '/axi_gemv_hp1_smc/M00_AXI'. This will be used by smartconnect on path for routing.
INFO: [xilinx.com:ip:smartconnect:1.0-1] design_1_axi_gemv_hp1_smc_0: SmartConnect design_1_axi_gemv_hp1_smc_0 is in High-performance Mode.
WARNING: [filemgmt 56-443] The ECC Algorithm string is empty. Setting the Memory Map to default ECC value to ECC_NONE.
INFO: [digilentinc.com:ip:axi_dynclk:1.2-17] /axi_dynclk_0FREQ_HZ of 100000000 propagated into CONFIG.kRefClkFreqHz
WARNING: [BD 41-1271] The connection to the pin: /input_vector_bram/doutb has been overridden by the user. This pin will not be connected as a part of the interface connection: gemv_q8_0_dma_top_0_INPUT_BRAM_PORT 
# set validate_status [catch {validate_bd_design} validate_msg]
# line $fd "validate_bd_design status: $validate_status"
# line $fd "validate_bd_design message: $validate_msg"
# line $fd "validate_bd_design note: nonzero status is tolerated here because the active GPTalk HDMI VDMA address path has a pre-existing validate issue unrelated to the GEMV 128-bit stream boundary."
# save_bd_design
Wrote  : </run/media/pjs/6A43-DC8A/smollm2-zybo/hw/vivado_project/GPTalk.srcs/sources_1/bd/design_1/design_1.bd> 
# generate_target all [get_files $bd_file]
INFO: [BD 41-1662] The design 'design_1.bd' is already validated. Therefore parameter propagation will not be re-run.
WARNING: [filemgmt 56-443] The ECC Algorithm string is empty. Setting the Memory Map to default ECC value to ECC_NONE.
WARNING: [filemgmt 56-443] The ECC Algorithm string is empty. Setting the Memory Map to default ECC value to ECC_NONE.
WARNING: [BD 41-1271] The connection to the pin: /input_vector_bram/doutb has been overridden by the user. This pin will not be connected as a part of the interface connection: gemv_q8_0_dma_top_0_INPUT_BRAM_PORT 
WARNING: [BD 41-2384] Width mismatch when connecting pin: '/input_vector_bram/addra'(32) to pin: '/axi_input_bram_ctrl/bram_addr_a'(16) - Only lower order bits will be connected.
Verilog Output written to : /run/media/pjs/6A43-DC8A/smollm2-zybo/hw/vivado_project/GPTalk.gen/sources_1/bd/design_1/synth/design_1.v
WARNING: [BD 41-2384] Width mismatch when connecting pin: '/input_vector_bram/addra'(32) to pin: '/axi_input_bram_ctrl/bram_addr_a'(16) - Only lower order bits will be connected.
Verilog Output written to : /run/media/pjs/6A43-DC8A/smollm2-zybo/hw/vivado_project/GPTalk.gen/sources_1/bd/design_1/sim/design_1.v
Verilog Output written to : /run/media/pjs/6A43-DC8A/smollm2-zybo/hw/vivado_project/GPTalk.gen/sources_1/bd/design_1/hdl/design_1_wrapper.v
INFO: [IP_Flow 19-234] Refreshing IP repositories
INFO: [IP_Flow 19-1700] Loaded user IP repository '/run/media/pjs/6A43-DC8A/smollm2-zybo/third_party/digilent-vivado-library/if'.
INFO: [IP_Flow 19-1700] Loaded user IP repository '/run/media/pjs/6A43-DC8A/smollm2-zybo/third_party/digilent-vivado-library/ip'.
Exporting to file /run/media/pjs/6A43-DC8A/smollm2-zybo/hw/vivado_project/GPTalk.gen/sources_1/bd/design_1/ip/design_1_axi_ctrl_smc_0/bd_0/hw_handoff/design_1_axi_ctrl_smc_0.hwh
Generated Hardware Definition File /run/media/pjs/6A43-DC8A/smollm2-zybo/hw/vivado_project/GPTalk.gen/sources_1/bd/design_1/ip/design_1_axi_ctrl_smc_0/bd_0/synth/design_1_axi_ctrl_smc_0.hwdef
INFO: [BD 41-1029] Generation completed for the IP Integrator block axi_ctrl_smc .
Exporting to file /run/media/pjs/6A43-DC8A/smollm2-zybo/hw/vivado_project/GPTalk.gen/sources_1/bd/design_1/ip/design_1_axi_video_hp0_smc_0/bd_0/hw_handoff/design_1_axi_video_hp0_smc_0.hwh
Generated Hardware Definition File /run/media/pjs/6A43-DC8A/smollm2-zybo/hw/vivado_project/GPTalk.gen/sources_1/bd/design_1/ip/design_1_axi_video_hp0_smc_0/bd_0/synth/design_1_axi_video_hp0_smc_0.hwdef
INFO: [BD 41-1029] Generation completed for the IP Integrator block axi_video_hp0_smc .
Exporting to file /run/media/pjs/6A43-DC8A/smollm2-zybo/hw/vivado_project/GPTalk.gen/sources_1/bd/design_1/ip/design_1_axi_gemv_hp1_smc_0/bd_0/hw_handoff/design_1_axi_gemv_hp1_smc_0.hwh
Generated Hardware Definition File /run/media/pjs/6A43-DC8A/smollm2-zybo/hw/vivado_project/GPTalk.gen/sources_1/bd/design_1/ip/design_1_axi_gemv_hp1_smc_0/bd_0/synth/design_1_axi_gemv_hp1_smc_0.hwdef
INFO: [BD 41-1029] Generation completed for the IP Integrator block axi_gemv_hp1_smc .
INFO: [BD 41-1029] Generation completed for the IP Integrator block axi_dma_0 .
INFO: [BD 41-1029] Generation completed for the IP Integrator block mm2s_axis_fifo .
INFO: [BD 41-1029] Generation completed for the IP Integrator block gemv_q8_0_dma_top_0 .
Exporting to file /run/media/pjs/6A43-DC8A/smollm2-zybo/hw/vivado_project/GPTalk.gen/sources_1/bd/design_1/hw_handoff/design_1.hwh
Generated Hardware Definition File /run/media/pjs/6A43-DC8A/smollm2-zybo/hw/vivado_project/GPTalk.gen/sources_1/bd/design_1/synth/design_1.hwdef
# update_compile_order -fileset sources_1
# line $fd ""
# line $fd "after:"
# line $fd "axi_dma_0 CONFIG.c_m_axis_mm2s_tdata_width: [get_property CONFIG.c_m_axis_mm2s_tdata_width $dma]"
# line $fd "axi_dma_0 CONFIG.c_s_axis_s2mm_tdata_width: [get_property CONFIG.c_s_axis_s2mm_tdata_width $dma]"
# line $fd "mm2s_axis_fifo CONFIG.TDATA_NUM_BYTES: [get_property CONFIG.TDATA_NUM_BYTES $mm2s_fifo]"
# line $fd "s2mm_axis_fifo CONFIG.TDATA_NUM_BYTES: [get_property CONFIG.TDATA_NUM_BYTES $s2mm_fifo]"
# line $fd "gemv S_AXIS_TDATA LEFT: $s_tdata_left"
# line $fd "gemv S_AXIS_TKEEP LEFT: $s_tkeep_left"
# line $fd "gemv M_AXIS_TDATA LEFT: $m_tdata_left"
# line $fd "result: PASS"
# close $fd
# puts "S05_5_AXIS128_BD_APPLY_LOG=$log_file"
S05_5_AXIS128_BD_APPLY_LOG=/run/media/pjs/6A43-DC8A/smollm2-zybo/logs/s05_5_axis128_bd_apply.txt
# close_project
INFO: [Common 17-206] Exiting Vivado at Wed Jul  1 13:49:54 2026...
