#-----------------------------------------------------------
# xsim v2024.2.2 (64-bit)
# SW Build 6060944 on Thu Mar 06 19:10:09 MST 2025
# IP Build 6050500 on Thu Mar  6 23:33:39 MST 2025
# SharedData Build 6060542 on Thu Mar 06 10:31:07 MST 2025
# Start of session at: Wed Jul  1 22:45:07 2026
# Process ID         : 124589
# Current directory  : /run/media/pjs/6A43-DC8A/smollm2-zybo/logs/s05_6_1_xsim_20260701_224425
# Command line       : xsim -log /run/media/pjs/6A43-DC8A/smollm2-zybo/logs/s05_6_1_xsim_20260701_224425/D2_544x16_P6.log -mode tcl -source {xsim.dir/s05_6_1_multiblock_behav/xsim_script.tcl}
# Log file           : /run/media/pjs/6A43-DC8A/smollm2-zybo/logs/s05_6_1_xsim_20260701_224425/D2_544x16_P6.log
# Journal file       : /run/media/pjs/6A43-DC8A/smollm2-zybo/logs/s05_6_1_xsim_20260701_224425/xsim.jou
# Running On         : pjs-laptop
# Platform           : Ubuntu
# Operating System   : Ubuntu 26.04 LTS
# Processor Detail   : 13th Gen Intel(R) Core(TM) i9-13900H
# CPU Frequency      : 2286.272 MHz
# CPU Physical cores : 10
# CPU Logical cores  : 16
# Host memory        : 65958 MB
# Swap memory        : 8589 MB
# Total Virtual      : 74548 MB
# Available Virtual  : 72147 MB
#-----------------------------------------------------------
source xsim.dir/s05_6_1_multiblock_behav/xsim_script.tcl
# xsim {s05_6_1_multiblock_behav} -testplusarg CASE_CFG=/run/media/pjs/6A43-DC8A/smollm2-zybo/logs/s05_6_1_xsim_20260701_224425/D2_544x16_P6.cfg -autoloadwcfg -runall
INFO: [Common 17-41] Interrupt caught. Command should exit soon.
ERROR: [Simtcl 6-50] Simulation engine failed to start: Simulation exited with status code 1.
Please see the Tcl Console or the Messages for details.
exit
