#-----------------------------------------------------------
# xsim v2024.2.2 (64-bit)
# SW Build 6060944 on Thu Mar 06 19:10:09 MST 2025
# IP Build 6050500 on Thu Mar  6 23:33:39 MST 2025
# SharedData Build 6060542 on Thu Mar 06 10:31:07 MST 2025
# Start of session at: Wed Jul  1 17:41:21 2026
# Process ID         : 570719
# Current directory  : /run/media/pjs/6A43-DC8A/smollm2-zybo/logs/s05_6_1_xsim_20260701_174100
# Command line       : xsim -log /run/media/pjs/6A43-DC8A/smollm2-zybo/logs/s05_6_1_xsim_20260701_174100/C_96x16_P0.log -mode tcl -source {xsim.dir/s05_6_1_multiblock_behav/xsim_script.tcl}
# Log file           : /run/media/pjs/6A43-DC8A/smollm2-zybo/logs/s05_6_1_xsim_20260701_174100/C_96x16_P0.log
# Journal file       : /run/media/pjs/6A43-DC8A/smollm2-zybo/logs/s05_6_1_xsim_20260701_174100/xsim.jou
# Running On         : pjs-laptop
# Platform           : Ubuntu
# Operating System   : Ubuntu 26.04 LTS
# Processor Detail   : 13th Gen Intel(R) Core(TM) i9-13900H
# CPU Frequency      : 3902.236 MHz
# CPU Physical cores : 10
# CPU Logical cores  : 16
# Host memory        : 65958 MB
# Swap memory        : 8589 MB
# Total Virtual      : 74548 MB
# Available Virtual  : 69664 MB
#-----------------------------------------------------------
source xsim.dir/s05_6_1_multiblock_behav/xsim_script.tcl
# xsim {s05_6_1_multiblock_behav} -testplusarg CASE_CFG=/run/media/pjs/6A43-DC8A/smollm2-zybo/logs/s05_6_1_xsim_20260701_174100/C_96x16_P0.cfg -autoloadwcfg -runall
Time resolution is 1 ps
run -all
[CASE] C_96x16_P0 dir=/run/media/pjs/6A43-DC8A/smollm2-zybo/golden/s05_6_1_multiblock/C_96x16_P0 in=96 out=16 blocks=3 packet_bytes=1728 tlast_beat=107
[PASS] C_96x16_P0 mode=0 blocks=3 outputs=16 input_events=576 max_input_addr=95
S05_6_1_MULTIBLOCK_CASE_PASS C_96x16_P0
$finish called at time : 9005 ns : File "/run/media/pjs/6A43-DC8A/smollm2-zybo/vivado_ip/tb/tb_gemv_q8_0_stream_core_multiblock.sv" Line 401
exit
INFO: [Common 17-206] Exiting xsim at Wed Jul  1 17:41:23 2026...
